******************************************************************************
                  TI ARM Linker PC v20.2.7                     
******************************************************************************
>> Linked Tue May 23 23:03:45 2023

OUTPUT FILE NAME:   <empty_min_EK_TM4C1294XL_TI.out>
ENTRY POINT SYMBOL: "_c_int00"  address: 000046e1


MEMORY CONFIGURATION

         name            origin    length      used     unused   attr    fill
----------------------  --------  ---------  --------  --------  ----  --------
  FLASH                 00000000   00100000  00008ef9  000f7107  R  X
  SRAM                  20000000   00040000  00001e04  0003e1fc  RW X


SEGMENT ALLOCATION MAP

run origin  load origin   length   init length attrs members
----------  ----------- ---------- ----------- ----- -------
00000000    00000000    00008f00   00008f00    r-x
  00000000    00000000    0000003c   0000003c    r-- .resetVecs
  00000040    00000040    00006a8a   00006a8a    r-x .text
  00006acc    00006acc    0000223b   0000223b    r-- .const
  00008d08    00008d08    000001f8   000001f8    r-- .cinit
20000000    20000000    00001e08   00000000    rw-
  20000000    20000000    00000360   00000000    rw- .vecs
  20000360    20000360    000013a0   00000000    rw- .bss
  20001700    20001700    00000404   00000000    rw- .data
  20001b08    20001b08    00000300   00000000    rw- .stack


SECTION ALLOCATION MAP

 output                                  attributes/
section   page    origin      length       input sections
--------  ----  ----------  ----------   ----------------
.text      0    00000040    00006a8a     
                  00000040    000006ac     MotorLib.lib : motorlib.obj (.text)
                  000006ec    00000004     driverlib.lib : uart.obj (.text:UARTIntClear)
                  000006f0    00000430     sysbios.aem4f : BIOS.obj (.text:ti_sysbios_family_arm_m3_Hwi_excDumpRegs__I)
                  00000b20    0000034c     ti.targets.arm.rtsarm.aem4f : System.oem4f (.text:xdc_runtime_System_doPrint__I)
                  00000e6c    0000020c     drivers_tivaware.aem4f : UARTTiva.oem4f (.text:UARTTiva_open)
                  00001078    00000204     Boot.aem4f : Boot_sysctl.oem4f (.text:ti_catalog_arm_cortexm4_tiva_ce_Boot_sysCtlClockFreqSetI__I)
                  0000127c    00000004     rtsv7M4_T_le_v4SPD16_eabi.lib : error.c.obj (.text:__abort_execution)
                  00001280    000001f4     sysbios.aem4f : BIOS.obj (.text:ti_sysbios_family_arm_m3_Hwi_excHandlerMax__I)
                  00001474    00000004     rtsv7M4_T_le_v4SPD16_eabi.lib : exit.c.obj (.text:abort:abort)
                  00001478    00000174     sysbios.aem4f : BIOS.obj (.text:ti_sysbios_family_arm_m3_Hwi_excBusFault__I)
                  000015ec    00000170     drivers_tivaware.aem4f : PWMTiva.oem4f (.text:PWMTiva_open)
                  0000175c    00000004     empty_min_pem4f.oem4f (.text:ti_sysbios_BIOS_RtsGateProxy_enter__E)
                  00001760    00000164     sysbios.aem4f : BIOS.obj (.text:ti_sysbios_family_arm_m3_Hwi_excUsageFault__I)
                  000018c4    00000004     empty_min_pem4f.oem4f (.text:ti_sysbios_BIOS_RtsGateProxy_leave__E)
                  000018c8    00000154     sysbios.aem4f : BIOS.obj (.text:ti_sysbios_knl_Semaphore_pend__E)
                  00001a1c    00000150     drivers_tivaware.aem4f : GPIOTiva.oem4f (.text:GPIO_setConfig)
                  00001b6c    0000014c     rtsv7M4_T_le_v4SPD16_eabi.lib : vla_alloc.c.obj (.text:__vla_alloc)
                  00001cb8    00000148     sysbios.aem4f : BIOS.obj (.text:ti_sysbios_family_arm_m3_Hwi_excMemFault__I)
                  00001e00    00000130     driverlib.lib : gpio.obj (.text:GPIOPadConfigSet)
                  00001f30    00000118     ti.targets.arm.rtsarm.aem4f : Error.oem4f (.text:xdc_runtime_Error_policyDefault__E)
                  00002048    00000114     drivers_tivaware.aem4f : PWMTimerTiva.oem4f (.text:PWMTimerTiva_open)
                  0000215c    00000004     sysbios.aem4f : BIOS.obj (.text:ti_sysbios_family_arm_lm4_Timer_masterEnable__I)
                  00002160    00000108                   : BIOS.obj (.text:ti_sysbios_family_arm_lm4_Timer_start__E)
                  00002268    00000100     ti.targets.arm.rtsarm.aem4f : Core-mem.oem4f (.text:xdc_runtime_Core_createObject__I)
                  00002368    000000fc     empty_min.obj (.text:motor_GetRPM)
                  00002464    000000f8     ti.targets.arm.rtsarm.aem4f : Startup.oem4f (.text:xdc_runtime_Startup_startMods__I)
                  0000255c    000000f8     empty_min_pem4f.oem4f (.text:xdc_runtime_System_printfExtend__I)
                  00002654    000000f4     sysbios.aem4f : m3_Hwi_asm.obj (.text:ti_sysbios_family_arm_m3_Hwi_dispatch__I)
                  00002748    000000f0     drivers_tivaware.aem4f : PWMTiva.oem4f (.text:PWMTiva_setDuty)
                  00002838    000000d4     sysbios.aem4f : BIOS.obj (.text:ti_sysbios_heaps_HeapMem_alloc__E)
                  0000290c    00000004     empty_min_pem4f.oem4f (.text:ti_sysbios_family_arm_m3_Hwi_destruct)
                  00002910    000000cc     sysbios.aem4f : BIOS.obj (.text:ti_sysbios_knl_Task_Instance_init__E)
                  000029dc    000000cc     ti.targets.arm.rtsarm.aem4f : Core-smem.oem4f (.text:xdc_runtime_Core_constructObject__I)
                  00002aa8    000000bc     sysbios.aem4f : BIOS.obj (.text:ti_sysbios_family_arm_m3_Hwi_excDebugMon__I)
                  00002b64    00000004     empty_min_pem4f.oem4f (.text:ti_sysbios_family_arm_m3_TaskSupport_Module__startupDone__S)
                  00002b68    000000bc     sysbios.aem4f : BIOS.obj (.text:ti_sysbios_family_arm_m3_Hwi_excHardFault__I)
                  00002c24    00000004     empty_min_pem4f.oem4f (.text:ti_sysbios_heaps_HeapMem_Module_GateProxy_enter__E)
                  00002c28    000000bc     sysbios.aem4f : BIOS.obj (.text:ti_sysbios_knl_Task_Instance_finalize__E)
                  00002ce4    000000b8     EK_TM4C1294XL.obj (.text:EK_TM4C1294XL_initGeneral)
                  00002d9c    000000b8     drivers_tivaware.aem4f : PWMTimerTiva.oem4f (.text:PWMTimerTiva_setDuty)
                  00002e54    000000ac                            : UARTTiva.oem4f (.text:readTaskBlocking)
                  00002f00    000000ac     sysbios.aem4f : BIOS.obj (.text:ti_sysbios_family_arm_lm4_Timer_enableTiva__I)
                  00002fac    000000a0     auto_init.aem4f : auto_init.oem4f (.text)
                  0000304c    000000a0     empty_min.obj (.text:main)
                  000030ec    000000a0     empty_min.obj (.text:motor_Driver)
                  0000318c    000000a0     ti.targets.arm.rtsarm.aem4f : Text.oem4f (.text:xdc_runtime_Text_putMod__E)
                  0000322c    0000009c     rtsv7M4_T_le_v4SPD16_eabi.lib : memcpy_t2.asm.obj (.text)
                  000032c8    0000009a     ti.targets.arm.rtsarm.aem4f : Text.oem4f (.text:xdc_runtime_Text_putSite__E)
                  00003362    00000098     drivers_tivaware.aem4f : UARTTiva.oem4f (.text:UARTTiva_readPolling)
                  000033fa    00000002     rtsv7M4_T_le_v4SPD16_eabi.lib : _lock.c.obj (.text:_nop)
                  000033fc    00000098     Boot.aem4f : Boot.oem4f (.text:ti_catalog_arm_cortexm4_tiva_ce_Boot_sysCtlClockFreqSet__E)
                  00003494    00000094     drivers_tivaware.aem4f : UARTTiva.oem4f (.text:UARTTiva_write)
                  00003528    00000094     sysbios.aem4f : BIOS.obj (.text:ti_sysbios_family_arm_m3_Hwi_Instance_init__E)
                  000035bc    00000004     empty_min_pem4f.oem4f (.text:ti_sysbios_heaps_HeapMem_Module_GateProxy_leave__E)
                  000035c0    00000094     sysbios.aem4f : BIOS.obj (.text:ti_sysbios_family_arm_m3_Hwi_initNVIC__E)
                  00003654    00000004     empty_min_pem4f.oem4f (.text:ti_sysbios_knl_Clock_TimerProxy_getMaxTicks__E)
                  00003658    00000094     sysbios.aem4f : BIOS.obj (.text:ti_sysbios_knl_Task_postInit__I)
                  000036ec    0000008c     drivers_tivaware.aem4f : GPIOTiva.oem4f (.text:GPIO_init)
                  00003778    0000008c                            : UARTTiva.oem4f (.text:UARTTiva_control)
                  00003804    0000008c     sysbios.aem4f : m3_TaskSupport_asm.obj (.text:ti_sysbios_family_arm_m3_TaskSupport_buildTaskStack)
                  00003890    0000008a     drivers_tivaware.aem4f : UARTTiva.oem4f (.text:readIsrTextBlocking)
                  0000391a    00000002     rtsv7M4_T_le_v4SPD16_eabi.lib : div0.asm.obj (.text)
                  0000391c    00000088     drivers_tivaware.aem4f : PWMTiva.oem4f (.text:PWMTiva_control)
                  000039a4    00000086     rtsv7M4_T_le_v4SPD16_eabi.lib : fd_cmp_t2.asm.obj (.text:__aeabi_cdcmple)
                  00003a2a    00000086                                   : fd_cmp_t2.asm.obj (.text:__aeabi_cdrcmple)
                  00003ab0    00000084     sysbios.aem4f : BIOS.obj (.text:ti_sysbios_family_arm_m3_Hwi_postInit__I)
                  00003b34    00000082     drivers_tivaware.aem4f : UARTTiva.oem4f (.text:readIsrTextCallback)
                  00003bb6    00000002     empty_min_pem4f.oem4f (.text:ti_sysbios_BIOS_nullFunc__I)
                  00003bb8    0000007c     sysbios.aem4f : BIOS.obj (.text:ti_sysbios_heaps_HeapMem_free__E)
                  00003c34    0000007a     drivers_tivaware.aem4f : UARTTiva.oem4f (.text:readTaskCallback)
                  00003cae    0000007a     rtsv7M4_T_le_v4SPD16_eabi.lib : memset_t2.asm.obj (.text)
                  00003d28    00000078                                   : vla_alloc.c.obj (.text:_ZN33_INTERNAL_11_vla_alloc_c_be8bd49b21free_dead_allocationsEPv)
                  00003da0    00000070     sysbios.aem4f : BIOS.obj (.text:ti_sysbios_knl_Clock_workFunc__E)
                  00003e10    00000070                   : BIOS.obj (.text:ti_sysbios_knl_Task_exit__E)
                  00003e80    0000006d     ti.targets.arm.rtsarm.aem4f : System.oem4f (.text:xdc_runtime_System_formatNum__I)
                  00003eed    00000001     --HOLE-- [fill = 0]
                  00003eee    00000002     empty_min_pem4f.oem4f (.text:xdc_runtime_Startup_reset__I)
                  00003ef0    0000006c     drivers_tivaware.aem4f : PWMTimerTiva.oem4f (.text:PWMTimerTiva_control)
                  00003f5c    00000004     empty_min_pem4f.oem4f (.text:ti_sysbios_knl_Clock_destruct)
                  00003f60    0000006c     sysbios.aem4f : BIOS.obj (.text:ti_sysbios_knl_Swi_restoreHwi__E)
                  00003fcc    0000006c     drivers_tivaware.aem4f : UARTTiva.oem4f (.text:writeData)
                  00004038    0000006c     ti.targets.arm.rtsarm.aem4f : Error.oem4f (.text:xdc_runtime_Error_print__E)
                  000040a4    0000006c                                 : Memory.oem4f (.text:xdc_runtime_Memory_alloc__E)
                  00004110    0000006a     drivers_tivaware.aem4f : PWMTiva.oem4f (.text:PWMTiva_close)
                  0000417a    00000068     rtsv7M4_T_le_v4SPD16_eabi.lib : copy_decompress_lzss.c.obj (.text:decompress:lzss:__TI_decompress_lzss)
                  000041e2    00000066     ti.targets.arm.rtsarm.aem4f : Core-mem.oem4f (.text:xdc_runtime_Core_deleteObject__I)
                  00004248    00000064     drivers_tivaware.aem4f : GPIOTiva.oem4f (.text:GPIO_hwiIntFxn)
                  000042ac    00000004     empty_min_pem4f.oem4f (.text:ti_sysbios_knl_Queue_destruct)
                  000042b0    00000064     sysbios.aem4f : BIOS.obj (.text:ti_sysbios_family_arm_lm4_Timer_Module_startup__E)
                  00004314    00000064     empty_min_pem4f.oem4f (.text:ti_sysbios_family_arm_m3_Hwi_create)
                  00004378    00000064     sysbios.aem4f : BIOS.obj (.text:ti_sysbios_family_arm_m3_Hwi_dispatchC__I)
                  000043dc    00000004     empty_min_pem4f.oem4f (.text:ti_sysbios_knl_Semaphore_destruct)
                  000043e0    00000064     sysbios.aem4f : BIOS.obj (.text:ti_sysbios_knl_Semaphore_post__E)
                  00004444    00000060     driverlib.lib : timer.obj (.text:TimerConfigure)
                  000044a4    0000005e     drivers_tivaware.aem4f : UARTTiva.oem4f (.text:readIsrBinaryBlocking)
                  00004502    00000006     driverlib.lib : gpio.obj (.text:GPIOIntClear)
                  00004508    0000005c     sysbios.aem4f : BIOS.obj (.text:ti_sysbios_knl_Swi_run__I)
                  00004564    00000004     ti.targets.arm.rtsarm.aem4f : Error.oem4f (.text:xdc_runtime_Error_getSite__E)
                  00004568    0000005c     sysbios.aem4f : BIOS.obj (.text:ti_sysbios_knl_Swi_schedule__I)
                  000045c4    00000004     empty_min_pem4f.oem4f (.text:xdc_runtime_System_Module_GateProxy_enter__E)
                  000045c8    0000005c     sysbios.aem4f : BIOS.obj (.text:ti_sysbios_knl_Task_Module_startup__E)
                  00004624    00000004     empty_min_pem4f.oem4f (.text:xdc_runtime_System_Module_GateProxy_leave__E)
                  00004628    0000005c     sysbios.aem4f : BIOS.obj (.text:ti_sysbios_knl_Task_startCore__E)
                  00004684    0000005b     ti.targets.arm.rtsarm.aem4f : Text.oem4f (.text:xdc_runtime_Text_putLab__E)
                  000046df    00000001     --HOLE-- [fill = 0]
                  000046e0    00000058     boot.aem4f : boot.oem4f (.text)
                  00004738    00000058     rtsv7M4_T_le_v4SPD16_eabi.lib : hostwrite.c.obj (.text:HOSTwrite)
                  00004790    00000058     empty_min_pem4f.oem4f (.text:ti_sysbios_family_arm_m3_Hwi_construct)
                  000047e8    00000058     sysbios.aem4f : m3_Hwi_asm_switch.obj (.text:ti_sysbios_family_arm_m3_Hwi_initStacks__E)
                  00004840    00000056     driverlib.lib : gpio.obj (.text:GPIOIntTypeSet)
                  00004896    00000054     drivers_tivaware.aem4f : UARTTiva.oem4f (.text:readIsrBinaryCallback)
                  000048ea    00000006     driverlib.lib : gpio.obj (.text:GPIOPinRead)
                  000048f0    00000054     sysbios.aem4f : BIOS.obj (.text:ti_sysbios_family_arm_lm4_Timer_initDevice__I)
                  00004944    00000054     empty_min_pem4f.oem4f (.text:ti_sysbios_knl_Task_construct)
                  00004998    00000054     ti.targets.arm.rtsarm.aem4f : Assert.oem4f (.text:xdc_runtime_Assert_raise__I)
                  000049ec    00000050     drivers_tivaware.aem4f : GPIOTiva.oem4f (.text:GPIO_setCallback)
                  00004a3c    00000050                            : GPIOTiva.oem4f (.text:GPIO_write)
                  00004a8c    00000050                            : UARTTiva.oem4f (.text:UARTTiva_writeCancel)
                  00004adc    00000050     Boot.aem4f : Boot_sysctl.oem4f (.text:_SysCtlFrequencyGet)
                  00004b2c    00000004     ti.targets.arm.rtsarm.aem4f : System.oem4f (.text:xdc_runtime_System_aprintf_va__F)
                  00004b30    00000050     sysbios.aem4f : BIOS.obj (.text:ti_sysbios_family_arm_m3_Hwi_Module_startup__E)
                  00004b80    00000050                   : BIOS.obj (.text:ti_sysbios_knl_Clock_Instance_init__E)
                  00004bd0    00000050     ti.targets.arm.rtsarm.aem4f : Startup.oem4f (.text:xdc_runtime_Startup_exec__E)
                  00004c20    00000050                                 : Text.oem4f (.text:xdc_runtime_Text_visitRope2__I)
                  00004c70    0000004c     drivers_tivaware.aem4f : UARTTiva.oem4f (.text:UARTTiva_close)
                  00004cbc    0000004c     rtsv7M4_T_le_v4SPD16_eabi.lib : cpy_tbl.c.obj (.text:copy_in)
                  00004d08    0000004c     sysbios.aem4f : BIOS.obj (.text:ti_sysbios_family_arm_lm4_Timer_setAvailMask__E)
                  00004d54    00000004     ti.targets.arm.rtsarm.aem4f : System.oem4f (.text:xdc_runtime_System_printf_va__F)
                  00004d58    0000004c     sysbios.aem4f : BIOS.obj (.text:ti_sysbios_heaps_HeapMem_getStats__E)
                  00004da4    00000004     --HOLE-- [fill = 0]
                  00004da8    0000004c                   : BIOS.obj (.text:ti_sysbios_knl_Swi_runLoop__I)
                  00004df4    00000004     --HOLE-- [fill = 0]
                  00004df8    0000004c                   : BIOS.obj (.text:ti_sysbios_knl_Task_allBlockedFunction__I)
                  00004e44    00000004     --HOLE-- [fill = 0]
                  00004e48    0000004c                   : BIOS.obj (.text:ti_sysbios_knl_Task_schedule__I)
                  00004e94    0000004a     drivers_tivaware.aem4f : PWMTimerTiva.oem4f (.text:PWMTimerTiva_close)
                  00004ede    00000002     --HOLE-- [fill = 0]
                  00004ee0    00000048     driverlib.lib : gpio.obj (.text:GPIOPinConfigure)
                  00004f28    00000048     empty_min.obj (.text:motor_getHallState)
                  00004f70    00000048     sysbios.aem4f : BIOS.obj (.text:ti_sysbios_family_arm_lm4_Timer_enableTimers__I)
                  00004fb8    00000048                   : BIOS.obj (.text:ti_sysbios_family_arm_m3_Hwi_disableInterrupt__E)
                  00005000    00000048                   : BIOS.obj (.text:ti_sysbios_family_arm_m3_Hwi_enableInterrupt__E)
                  00005048    00000048                   : BIOS.obj (.text:ti_sysbios_family_arm_m3_Hwi_excReserved__I)
                  00005090    00000046     drivers_tivaware.aem4f : RingBuf.oem4f (.text:RingBuf_put)
                  000050d6    00000046     ti.targets.arm.rtsarm.aem4f : Core-params.oem4f (.text:xdc_runtime_Core_assignParams__I)
                  0000511c    00000004     --HOLE-- [fill = 0]
                  00005120    00000044     sysbios.aem4f : BIOS.obj (.text:ti_sysbios_family_arm_lm4_Timer_isrStub__E)
                  00005164    00000004     --HOLE-- [fill = 0]
                  00005168    00000044                   : BIOS.obj (.text:ti_sysbios_family_arm_m3_Hwi_getStackInfo__E)
                  000051ac    00000004     --HOLE-- [fill = 0]
                  000051b0    00000044                   : BIOS.obj (.text:ti_sysbios_knl_Swi_post__E)
                  000051f4    00000044     ti.targets.arm.rtsarm.aem4f : Error.oem4f (.text:xdc_runtime_Error_setX__E)
                  00005238    00000044                                 : SysMin.oem4f (.text:xdc_runtime_SysMin_flush__E)
                  0000527c    00000044                                 : Text.oem4f (.text:xdc_runtime_Text_xprintf__I)
                  000052c0    00000042     driverlib.lib : uart.obj (.text:UARTConfigSetExpClk)
                  00005302    00000042     drivers_tivaware.aem4f : UARTTiva.oem4f (.text:UARTTiva_hwiIntFxn)
                  00005344    00000042                            : UARTTiva.oem4f (.text:UARTTiva_writePolling)
                  00005386    00000040                            : RingBuf.oem4f (.text:RingBuf_get)
                  000053c6    00000040                            : UARTTiva.oem4f (.text:UARTTiva_read)
                  00005406    00000040     rtsv7M4_T_le_v4SPD16_eabi.lib : u_divt2.asm.obj (.text)
                  00005446    00000002     --HOLE-- [fill = 0]
                  00005448    00000040     sysbios.aem4f : BIOS.obj (.text:ti_sysbios_family_arm_lm4_Timer_startup__E)
                  00005488    00000040                   : BIOS.obj (.text:ti_sysbios_heaps_HeapMem_Instance_init__E)
                  000054c8    0000003e     empty_min_pem4f.oem4f (.text:realloc)
                  00005506    00000002     --HOLE-- [fill = 0]
                  00005508    0000003c     sysbios.aem4f : BIOS.obj (.text:ti_sysbios_family_arm_m3_Hwi_excSvCall__I)
                  00005544    00000004     --HOLE-- [fill = 0]
                  00005548    0000003c                   : BIOS.obj (.text:ti_sysbios_heaps_HeapMem_init__I)
                  00005584    00000004     --HOLE-- [fill = 0]
                  00005588    0000003c                   : BIOS.obj (.text:ti_sysbios_knl_Swi_restore__E)
                  000055c4    00000038     drivers_tivaware.aem4f : PWM.oem4f (.text:PWM_init)
                  000055fc    00000038     driverlib.lib : sysctl.obj (.text:SysCtlPeripheralReady)
                  00005634    00000038     drivers_tivaware.aem4f : UART.oem4f (.text:UART_init)
                  0000566c    00000038     rtsv7M4_T_le_v4SPD16_eabi.lib : trgmsg.c.obj (.text:__TI_writemsg)
                  000056a4    00000004     --HOLE-- [fill = 0]
                  000056a8    00000038     sysbios.aem4f : BIOS.obj (.text:ti_sysbios_family_arm_m3_Hwi_excNoIsr__I)
                  000056e0    00000038                   : BIOS.obj (.text:ti_sysbios_knl_Task_processVitalTaskFlag__I)
                  00005718    00000038     ti.targets.arm.rtsarm.aem4f : SysMin.oem4f (.text:xdc_runtime_SysMin_putch__E)
                  00005750    00000038                                 : System.oem4f (.text:xdc_runtime_System_atexit__E)
                  00005788    00000036     drivers_tivaware.aem4f : UARTTiva.oem4f (.text:UARTTiva_readCancel)
                  000057be    00000002     --HOLE-- [fill = 0]
                  000057c0    00000034     driverlib.lib : sysctl.obj (.text:SysCtlPeripheralEnable)
                  000057f4    00000034     rtsv7M4_T_le_v4SPD16_eabi.lib : trgmsg.c.obj (.text:__TI_readmsg)
                  00005828    00000034     sysbios.aem4f : BIOS.obj (.text:ti_sysbios_family_arm_m3_Hwi_Instance_finalize__E)
                  0000585c    00000004     --HOLE-- [fill = 0]
                  00005860    00000034                   : BIOS.obj (.text:ti_sysbios_family_arm_m3_Hwi_excNmi__I)
                  00005894    00000034     empty_min_pem4f.oem4f (.text:ti_sysbios_knl_Clock_construct)
                  000058c8    00000034     ti.targets.arm.rtsarm.aem4f : Core-label.oem4f (.text:xdc_runtime_Core_assignLabel__I)
                  000058fc    00000033                                 : Text.oem4f (.text:xdc_runtime_Text_printVisFxn__I)
                  0000592f    00000001     --HOLE-- [fill = 0]
                  00005930    00000032     sysbios.aem4f : BIOS.obj (.text:ti_sysbios_hal_Hwi_initStack)
                  00005962    00000002     --HOLE-- [fill = 0]
                  00005964    00000030     drivers_tivaware.aem4f : PWMTiva.oem4f (.text:PWMTiva_init)
                  00005994    00000030                            : PWM.oem4f (.text:PWM_open)
                  000059c4    00000030     empty_min_pem4f.oem4f (.text:ti_sysbios_BIOS_atExitFunc__I)
                  000059f4    00000004     --HOLE-- [fill = 0]
                  000059f8    00000030     sysbios.aem4f : BIOS.obj (.text:ti_sysbios_family_arm_lm4_Timer_stop__E)
                  00005a28    00000030                   : BIOS.obj (.text:ti_sysbios_family_arm_m3_TaskSupport_start__E)
                  00005a58    00000030     empty_min_pem4f.oem4f (.text:ti_sysbios_gates_GateHwi_Object__create__S)
                  00005a88    00000030     empty_min_pem4f.oem4f (.text:ti_sysbios_gates_GateMutex_Object__create__S)
                  00005ab8    00000030     sysbios.aem4f : BIOS.obj (.text:ti_sysbios_gates_GateMutex_enter__E)
                  00005ae8    00000030     empty_min_pem4f.oem4f (.text:ti_sysbios_heaps_HeapMem_Object__create__S)
                  00005b18    00000030     empty_min_pem4f.oem4f (.text:ti_sysbios_knl_Semaphore_construct)
                  00005b48    00000030     sysbios.aem4f : BIOS.obj (.text:ti_sysbios_knl_Semaphore_pendTimeout__I)
                  00005b78    00000030                   : BIOS.obj (.text:ti_sysbios_knl_Task_unblockI__E)
                  00005ba8    00000030     ti.targets.arm.rtsarm.aem4f : SysMin.oem4f (.text:xdc_runtime_SysMin_abort__E)
                  00005bd8    00000030                                 : System.oem4f (.text:xdc_runtime_System_processAtExit__E)
                  00005c08    0000002e     empty_min_pem4f.oem4f (.text:malloc)
                  00005c36    00000002     --HOLE-- [fill = 0]
                  00005c38    0000002c     EK_TM4C1294XL.obj (.text:EK_TM4C1294XL_initUART)
                  00005c64    0000002c     empty_min_pem4f.oem4f (.text:ti_sysbios_knl_Clock_doTick__I)
                  00005c90    0000002c     empty_min_pem4f.oem4f (.text:ti_sysbios_knl_Queue_construct)
                  00005cbc    00000004     --HOLE-- [fill = 0]
                  00005cc0    0000002c     sysbios.aem4f : BIOS.obj (.text:ti_sysbios_knl_Task_restore__E)
                  00005cec    0000002c     ti.targets.arm.rtsarm.aem4f : Text.oem4f (.text:xdc_runtime_Text_cordText__E)
                  00005d18    0000002a     driverlib.lib : gpio.obj (.text:GPIODirModeSet)
                  00005d42    0000002a     ti.targets.arm.rtsarm.aem4f : System.oem4f (.text:xdc_runtime_System_putchar__I)
                  00005d6c    00000028     empty_min.obj (.text:motor_initHall)
                  00005d94    00000004     --HOLE-- [fill = 0]
                  00005d98    00000028     sysbios.aem4f : BIOS.obj (.text:ti_sysbios_knl_Swi_Module_startup__E)
                  00005dc0    00000026                   : m3_Hwi_asm.obj (.text:ti_sysbios_family_arm_m3_Hwi_pendSV__I)
                  00005de6    00000026     ti.targets.arm.rtsarm.aem4f : System.oem4f (.text:xdc_runtime_System_avprintf__E)
                  00005e0c    00000024     empty_min_pem4f.oem4f (.text:ti_sysbios_BIOS_errorRaiseHook__I)
                  00005e30    00000024     empty_min_pem4f.oem4f (.text:ti_sysbios_BIOS_registerRTSLock__I)
                  00005e54    00000024     empty_min_pem4f.oem4f (.text:ti_sysbios_BIOS_removeRTSLock__I)
                  00005e78    00000024     empty_min_pem4f.oem4f (.text:ti_sysbios_BIOS_startFunc__I)
                  00005e9c    00000024     empty_min_pem4f.oem4f (.text:ti_sysbios_gates_GateMutex_Object__delete__S)
                  00005ec0    00000024     sysbios.aem4f : BIOS.obj (.text:ti_sysbios_knl_Clock_Module_startup__E)
                  00005ee4    00000004     --HOLE-- [fill = 0]
                  00005ee8    00000024                   : BIOS.obj (.text:ti_sysbios_knl_Clock_start__E)
                  00005f0c    00000004     --HOLE-- [fill = 0]
                  00005f10    00000024                   : BIOS.obj (.text:ti_sysbios_knl_Semaphore_Instance_init__E)
                  00005f34    00000004     --HOLE-- [fill = 0]
                  00005f38    00000024                   : BIOS.obj (.text:ti_sysbios_knl_Task_restoreHwi__E)
                  00005f5c    00000024     ti.targets.arm.rtsarm.aem4f : System.oem4f (.text:xdc_runtime_System_vprintf__E)
                  00005f80    00000022     driverlib.lib : pwm.obj (.text:PWMGenConfigure)
                  00005fa2    00000022     drivers_tivaware.aem4f : PWMTiva.oem4f (.text:PWMTiva_getPeriodCounts)
                  00005fc4    00000004     --HOLE-- [fill = 0]
                  00005fc8    00000022     sysbios.aem4f : BIOS.obj (.text:ti_sysbios_family_arm_lm4_Timer_write__I)
                  00005fea    00000022     empty_min_pem4f.oem4f (.text:xdc_runtime_SysMin_output__I)
                  0000600c    00000020     Boot.aem4f : Boot_sysctl.oem4f (.text:_SysCtlMemTimingGet)
                  0000602c    00000020     rtsv7M4_T_le_v4SPD16_eabi.lib : u_tofd_t2.asm.obj (.text)
                  0000604c    00000020     empty_min_pem4f.oem4f (.text:ti_sysbios_BIOS_rtsLock__I)
                  0000606c    00000020     sysbios.aem4f : m3_Hwi_asm.obj (.text:ti_sysbios_family_arm_m3_Hwi_excHandlerAsm__I)
                  0000608c    00000004     --HOLE-- [fill = 0]
                  00006090    00000020                   : BIOS.obj (.text:ti_sysbios_family_arm_m3_Hwi_excHandler__I)
                  000060b0    00000020     empty_min_pem4f.oem4f (.text:ti_sysbios_gates_GateHwi_Object__delete__S)
                  000060d0    00000020     empty_min_pem4f.oem4f (.text:ti_sysbios_heaps_HeapMem_Object__delete__S)
                  000060f0    00000020     empty_min_pem4f.oem4f (.text:ti_sysbios_knl_Clock_Object__destruct__S)
                  00006110    00000020     sysbios.aem4f : BIOS.obj (.text:ti_sysbios_knl_Idle_run__E)
                  00006130    00000020     empty_min_pem4f.oem4f (.text:ti_sysbios_knl_Semaphore_Object__destruct__S)
                  00006150    00000020     ti.targets.arm.rtsarm.aem4f : Registry.oem4f (.text:xdc_runtime_Registry_findById__E)
                  00006170    00000020                                 : SysMin.oem4f (.text:xdc_runtime_SysMin_Module_startup__E)
                  00006190    0000001e     driverlib.lib : pwm.obj (.text:PWMPulseWidthSet)
                  000061ae    0000001e     drivers_tivaware.aem4f : PWMTiva.oem4f (.text:PWMTiva_getPeriodMicroSecs)
                  000061cc    0000001e     sysbios.aem4f : m3_Hwi_asm_switch.obj (.text:ti_sysbios_family_xxx_Hwi_switchAndRunFunc)
                  000061ea    00000002     --HOLE-- [fill = 0]
                  000061ec    0000001c     driverlib.lib : uart.obj (.text:UARTDisable)
                  00006208    0000001c     drivers_tivaware.aem4f : GPIOTiva.oem4f (.text:getGpioIntIndex)
                  00006224    0000001c     empty_min_pem4f.oem4f (.text:ti_sysbios_family_arm_m3_Hwi_Object__destruct__S)
                  00006240    0000001c     sysbios.aem4f : BIOS.obj (.text:ti_sysbios_gates_GateMutex_Instance_init__E)
                  0000625c    00000004     --HOLE-- [fill = 0]
                  00006260    0000001c                   : BIOS.obj (.text:ti_sysbios_knl_Clock_Instance_finalize__E)
                  0000627c    0000001c     empty_min_pem4f.oem4f (.text:ti_sysbios_knl_Queue_Object__destruct__S)
                  00006298    0000001c     sysbios.aem4f : BIOS.obj (.text:ti_sysbios_knl_Queue_put__E)
                  000062b4    00000004     --HOLE-- [fill = 0]
                  000062b8    0000001c                   : BIOS.obj (.text:ti_sysbios_knl_Task_enter__I)
                  000062d4    0000001c     ti.targets.arm.rtsarm.aem4f : Error.oem4f (.text:xdc_runtime_Error_raiseX__E)
                  000062f0    0000001c                                 : Memory.oem4f (.text:xdc_runtime_Memory_valloc__E)
                  0000630c    0000001c                                 : SysMin.oem4f (.text:xdc_runtime_SysMin_exit__E)
                  00006328    0000001c                                 : System.oem4f (.text:xdc_runtime_System_abort__E)
                  00006344    0000001a     empty_min_pem4f.oem4f (.text:free)
                  0000635e    0000001a     empty_min_pem4f.oem4f (.text:ti_sysbios_family_arm_m3_Hwi_Handle__label__S)
                  00006378    0000001a     empty_min_pem4f.oem4f (.text:ti_sysbios_gates_GateHwi_Handle__label__S)
                  00006392    0000001a     empty_min_pem4f.oem4f (.text:ti_sysbios_gates_GateMutex_Handle__label__S)
                  000063ac    0000001a     empty_min_pem4f.oem4f (.text:ti_sysbios_heaps_HeapMem_Handle__label__S)
                  000063c6    0000001a     empty_min_pem4f.oem4f (.text:ti_sysbios_knl_Swi_Handle__label__S)
                  000063e0    0000001a     empty_min_pem4f.oem4f (.text:ti_sysbios_knl_Task_Handle__label__S)
                  000063fa    0000001a     empty_min_pem4f.oem4f (.text:xdc_runtime_System_aprintf__E)
                  00006414    0000001a     empty_min_pem4f.oem4f (.text:xdc_runtime_System_printf__E)
                  0000642e    00000018     driverlib.lib : gpio.obj (.text:GPIOPinTypeGPIOOutput)
                  00006446    00000018                   : timer.obj (.text:TimerControlLevel)
                  0000645e    00000002     --HOLE-- [fill = 0]
                  00006460    00000018     rtsv7M4_T_le_v4SPD16_eabi.lib : args_main.c.obj (.text:_args_main)
                  00006478    00000018     empty_min_pem4f.oem4f (.text:ti_sysbios_BIOS_rtsUnlock__I)
                  00006490    00000018     empty_min_pem4f.oem4f (.text:ti_sysbios_family_arm_lm4_Timer_Module__startupDone__F)
                  000064a8    00000018     empty_min_pem4f.oem4f (.text:ti_sysbios_family_arm_m3_Hwi_Module__startupDone__F)
                  000064c0    00000018     sysbios.aem4f : m3_TaskSupport_asm.obj (.text:ti_sysbios_family_arm_m3_TaskSupport_swap__E)
                  000064d8    00000018                   : BIOS.obj (.text:ti_sysbios_gates_GateMutex_leave__E)
                  000064f0    00000018     ti.targets.arm.rtsarm.aem4f : Error.oem4f (.text:xdc_runtime_Error_check__E)
                  00006508    00000018                                 : System.oem4f (.text:xdc_runtime_System_exit__E)
                  00006520    00000018                                 : Text.oem4f (.text:xdc_runtime_Text_ropeText__E)
                  00006538    00000016     empty_min_pem4f.oem4f (.text:ti_sysbios_BIOS_exitFunc__I)
                  0000654e    00000016     empty_min.obj (.text:ti_sysbios_knl_Task_Params_init)
                  00006564    00000014     driverlib.lib : pwm.obj (.text:PWMClockSet)
                  00006578    00000014                   : sysctl.obj (.text:SysCtlPWMClockSet)
                  0000658c    00000014                   : timer.obj (.text:TimerDisable)
                  000065a0    00000014                   : uart.obj (.text:UARTEnable)
                  000065b4    00000014     rtsv7M4_T_le_v4SPD16_eabi.lib : strlen.c.obj (.text:strlen)
                  000065c8    00000014     empty_min_pem4f.oem4f (.text:ti_sysbios_family_arm_m3_Hwi_Object__get__S)
                  000065dc    00000004     --HOLE-- [fill = 0]
                  000065e0    00000014     sysbios.aem4f : BIOS.obj (.text:ti_sysbios_family_arm_m3_Hwi_switchFromBootStack__E)
                  000065f4    00000014     empty_min_pem4f.oem4f (.text:ti_sysbios_heaps_HeapMem_Object__get__S)
                  00006608    00000014     empty_min_pem4f.oem4f (.text:ti_sysbios_knl_Swi_Object__get__S)
                  0000661c    00000012     driverlib.lib : gpio.obj (.text:GPIOPinTypeGPIOInput)
                  0000662e    00000012                   : gpio.obj (.text:GPIOPinTypePWM)
                  00006640    00000012                   : gpio.obj (.text:GPIOPinTypeTimer)
                  00006652    00000012                   : gpio.obj (.text:GPIOPinTypeUART)
                  00006664    00000012                   : pwm.obj (.text:PWMGenPeriodGet)
                  00006676    00000012                   : pwm.obj (.text:PWMOutputInvert)
                  00006688    00000012                   : pwm.obj (.text:PWMOutputState)
                  0000669a    00000012     drivers_tivaware.aem4f : RingBuf.oem4f (.text:RingBuf_construct)
                  000066ac    00000012     driverlib.lib : timer.obj (.text:TimerLoadSet)
                  000066be    00000012                   : timer.obj (.text:TimerMatchSet)
                  000066d0    00000012                   : timer.obj (.text:TimerPrescaleMatchSet)
                  000066e2    00000012                   : timer.obj (.text:TimerPrescaleSet)
                  000066f4    00000004     --HOLE-- [fill = 0]
                  000066f8    00000012     sysbios.aem4f : BIOS.obj (.text:ti_sysbios_hal_Hwi_Module_startup__E)
                  0000670a    00000012     empty_min_pem4f.oem4f (.text:xdc_runtime_Startup_exec__I)
                  0000671c    00000010     empty_min_pem4f.oem4f (.text:.bootCodeSection:ti_catalog_arm_cortexm4_tiva_ce_Boot_init__I)
                  0000672c    00000010     driverlib.lib : pwm.obj (.text:PWMGenPeriodSet)
                  0000673c    00000010     drivers_tivaware.aem4f : PWM.oem4f (.text:PWM_Params_init)
                  0000674c    00000010                            : UARTTiva.oem4f (.text:readBlockingTimeout)
                  0000675c    00000004     --HOLE-- [fill = 0]
                  00006760    00000010     sysbios.aem4f : BIOS.obj (.text:ti_sysbios_BIOS_getCpuFreq__E)
                  00006770    00000010                   : BIOS.obj (.text:ti_sysbios_BIOS_setThreadType__E)
                  00006780    00000010                   : BIOS.obj (.text:ti_sysbios_BIOS_start__E)
                  00006790    00000010                   : m3_TaskSupport_asm.obj (.text:ti_sysbios_family_arm_m3_TaskSupport_glue)
                  000067a0    00000010                   : BIOS.obj (.text:ti_sysbios_gates_GateMutex_Instance_finalize__E)
                  000067b0    00000010                   : BIOS.obj (.text:ti_sysbios_knl_Semaphore_Instance_finalize__E)
                  000067c0    00000010                   : BIOS.obj (.text:ti_sysbios_knl_Swi_disable__E)
                  000067d0    00000010                   : BIOS.obj (.text:ti_sysbios_knl_Task_disable__E)
                  000067e0    00000010     ti.targets.arm.rtsarm.aem4f : Gate.oem4f (.text:xdc_runtime_Gate_leaveSystem__E)
                  000067f0    00000010                                 : Memory.oem4f (.text:xdc_runtime_Memory_free__E)
                  00006800    00000010                                 : SysMin.oem4f (.text:xdc_runtime_SysMin_ready__E)
                  00006810    00000010                                 : System.oem4f (.text:xdc_runtime_System_vsnprintf__E)
                  00006820    00000010     empty_min_pem4f.oem4f (.text:xdc_runtime_Text_visitRope__I)
                  00006830    0000000e     driverlib.lib : gpio.obj (.text:GPIOIntStatus)
                  0000683e    0000000e                   : timer.obj (.text:TimerEnable)
                  0000684c    0000000e                   : uart.obj (.text:UARTCharGetNonBlocking)
                  0000685a    0000000e                   : uart.obj (.text:UARTCharPutNonBlocking)
                  00006868    0000000e     rtsv7M4_T_le_v4SPD16_eabi.lib : copy_decompress_none.c.obj (.text:decompress:none:__TI_decompress_none)
                  00006876    00000002     --HOLE-- [fill = 0]
                  00006878    0000000e     sysbios.aem4f : BIOS.obj (.text:ti_sysbios_knl_Queue_empty__E)
                  00006886    0000000e     empty_min_pem4f.oem4f (.text:ti_sysbios_knl_Task_Object__get__S)
                  00006894    0000000c     driverlib.lib : pwm.obj (.text:PWMGenDisable)
                  000068a0    0000000c                   : pwm.obj (.text:PWMGenEnable)
                  000068ac    0000000c     drivers_tivaware.aem4f : RingBuf.oem4f (.text:RingBuf_peek)
                  000068b8    0000000c     driverlib.lib : uart.obj (.text:UARTFlowControlSet)
                  000068c4    0000000c     drivers_tivaware.aem4f : UARTTiva.oem4f (.text:UARTTiva_init)
                  000068d0    0000000c     rtsv7M4_T_le_v4SPD16_eabi.lib : _lock.c.obj (.text:_register_lock)
                  000068dc    0000000c                                   : _lock.c.obj (.text:_register_unlock)
                  000068e8    0000000c                                   : copy_zero_init.c.obj (.text:decompress:ZI:__TI_zero_init)
                  000068f4    00000004     --HOLE-- [fill = 0]
                  000068f8    0000000c     sysbios.aem4f : BIOS.obj (.text:ti_sysbios_family_arm_lm4_Timer_getAvailMask__E)
                  00006904    00000004     --HOLE-- [fill = 0]
                  00006908    0000000c                   : BIOS.obj (.text:ti_sysbios_family_arm_lm4_Timer_getMaxTicks__E)
                  00006914    0000000c     empty_min_pem4f.oem4f (.text:ti_sysbios_family_arm_m3_Hwi_Params__init__S)
                  00006920    0000000c     sysbios.aem4f : BIOS.obj (.text:ti_sysbios_family_arm_m3_Hwi_disableFxn__E)
                  0000692c    00000004     --HOLE-- [fill = 0]
                  00006930    0000000c                   : BIOS.obj (.text:ti_sysbios_family_arm_m3_TaskSupport_getStackAlignment__E)
                  0000693c    00000004     --HOLE-- [fill = 0]
                  00006940    0000000c                   : BIOS.obj (.text:ti_sysbios_gates_GateHwi_enter__E)
                  0000694c    0000000c     empty_min_pem4f.oem4f (.text:ti_sysbios_knl_Clock_Params__init__S)
                  00006958    0000000c     sysbios.aem4f : BIOS.obj (.text:ti_sysbios_knl_Clock_getTicks__E)
                  00006964    0000000c     empty_min_pem4f.oem4f (.text:ti_sysbios_knl_Queue_Object__get__S)
                  00006970    0000000c     empty_min_pem4f.oem4f (.text:ti_sysbios_knl_Semaphore_Params__init__S)
                  0000697c    0000000c     empty_min_pem4f.oem4f (.text:ti_sysbios_knl_Task_Params__init__S)
                  00006988    0000000c     ti.targets.arm.rtsarm.aem4f : Error.oem4f (.text:xdc_runtime_Error_init__E)
                  00006994    0000000c                                 : Gate.oem4f (.text:xdc_runtime_Gate_enterSystem__E)
                  000069a0    0000000c                                 : Memory.oem4f (.text:xdc_runtime_Memory_calloc__E)
                  000069ac    0000000c                                 : Memory.oem4f (.text:xdc_runtime_Memory_getMaxDefaultTypeAlign__E)
                  000069b8    0000000a     drivers_tivaware.aem4f : PWMTimerTiva.oem4f (.text:PWMTimerTiva_getPeriodCounts)
                  000069c2    0000000a                            : PWM.oem4f (.text:PWM_setDuty)
                  000069cc    0000000a     driverlib.lib : uart.obj (.text:UARTCharGet)
                  000069d6    0000000a                   : uart.obj (.text:UARTCharPut)
                  000069e0    0000000a                   : uart.obj (.text:UARTIntDisable)
                  000069ea    0000000a                   : uart.obj (.text:UARTIntStatus)
                  000069f4    0000000a     empty_min_pem4f.oem4f (.text:xdc_runtime_IHeap_alloc)
                  000069fe    0000000a     empty_min_pem4f.oem4f (.text:xdc_runtime_IHeap_free)
                  00006a08    00000008     EK_TM4C1294XL.obj (.text:EK_TM4C1294XL_initGPIO)
                  00006a10    00000008     drivers_tivaware.aem4f : PWMTimerTiva.oem4f (.text:PWMTimerTiva_init)
                  00006a18    00000008     driverlib.lib : uart.obj (.text:UARTIntEnable)
                  00006a20    00000008                   : uart.obj (.text:UARTRxErrorGet)
                  00006a28    00000008     drivers_tivaware.aem4f : UARTTiva.oem4f (.text:readSemCallback)
                  00006a30    00000008     sysbios.aem4f : BIOS.obj (.text:ti_sysbios_family_arm_lm4_Timer_masterDisable__I)
                  00006a38    00000008                   : BIOS.obj (.text:ti_sysbios_family_arm_m3_Hwi_doSwiRestore__I)
                  00006a40    00000008                   : BIOS.obj (.text:ti_sysbios_family_arm_m3_Hwi_startup__E)
                  00006a48    00000008     drivers_tivaware.aem4f : UARTTiva.oem4f (.text:writeSemCallback)
                  00006a50    00000006     driverlib.lib : gpio.obj (.text:GPIOPinWrite)
                  00006a56    00000006     drivers_tivaware.aem4f : PWMTimerTiva.oem4f (.text:PWMTimerTiva_getPeriodMicroSecs)
                  00006a5c    00000006     driverlib.lib : uart.obj (.text:UARTFIFOLevelSet)
                  00006a62    00000006                   : uart.obj (.text:UARTRxErrorClear)
                  00006a68    00000006     sysbios.aem4f : BIOS.obj (.text:ti_sysbios_family_arm_m3_Hwi_doTaskRestore__I)
                  00006a6e    00000002     --HOLE-- [fill = 0]
                  00006a70    00000006                   : BIOS.obj (.text:ti_sysbios_family_arm_m3_Hwi_restoreFxn__E)
                  00006a76    00000002     --HOLE-- [fill = 0]
                  00006a78    00000006                   : BIOS.obj (.text:ti_sysbios_gates_GateHwi_leave__E)
                  00006a7e    00000002     --HOLE-- [fill = 0]
                  00006a80    00000006                   : BIOS.obj (.text:ti_sysbios_heaps_HeapMem_isBlocking__E)
                  00006a86    00000002     --HOLE-- [fill = 0]
                  00006a88    00000006                   : BIOS.obj (.text:ti_sysbios_knl_Clock_stop__E)
                  00006a8e    00000002     --HOLE-- [fill = 0]
                  00006a90    00000006                   : BIOS.obj (.text:ti_sysbios_knl_Queue_Instance_init__E)
                  00006a96    00000002     --HOLE-- [fill = 0]
                  00006a98    00000006                   : BIOS.obj (.text:ti_sysbios_knl_Swi_startup__E)
                  00006a9e    00000006     ti.targets.arm.rtsarm.aem4f : System.oem4f (.text:xdc_runtime_System_Module_startup__E)
                  00006aa4    00000004     --HOLE-- [fill = 0]
                  00006aa8    00000004     sysbios.aem4f : BIOS.obj (.text:ti_sysbios_gates_GateHwi_query__E)
                  00006aac    00000004     --HOLE-- [fill = 0]
                  00006ab0    00000004                   : BIOS.obj (.text:ti_sysbios_gates_GateMutex_query__E)
                  00006ab4    00000004     --HOLE-- [fill = 0]
                  00006ab8    00000004                   : BIOS.obj (.text:ti_sysbios_knl_Task_startup__E)
                  00006abc    00000004     --HOLE-- [fill = 0]
                  00006ac0    00000002                   : BIOS.obj (.text:ti_sysbios_gates_GateHwi_Instance_init__E)
                  00006ac2    00000006     --HOLE-- [fill = 0]
                  00006ac8    00000002                   : BIOS.obj (.text:ti_sysbios_knl_Clock_logTick__E)

.const     0    00006acc    0000223b     
                  00006acc    00001844     empty_min_pem4f.oem4f (.const:xdc_runtime_Text_charTab__A)
                  00008310    00000120     Boot.aem4f : Boot_sysctl.oem4f (.const:g_pppui32XTALtoVCO)
                  00008430    000000bc     empty_min_pem4f.oem4f (.const:xdc_runtime_Text_nodeTab__A)
                  000084ec    00000090     driverlib.lib : gpio.obj (.const:g_pui32GPIOBaseAddrs)
                  0000857c    0000006c     Boot.aem4f : Boot_sysctl.oem4f (.const:g_pui32Xtals)
                  000085e8    00000060     MotorLib.lib : motorlib.obj (.const:PWM_config)
                  00008648    00000054     drivers_tivaware.aem4f : GPIOTiva.oem4f (.const:.string)
                  0000869c    00000054     MotorLib.lib : motorlib.obj (.const:motorLibPWMTivaHWAttrs)
                  000086f0    0000004c     drivers_tivaware.aem4f : UARTTiva.oem4f (.const)
                  0000873c    00000048     empty_min_pem4f.oem4f (.const:.string)
                  00008784    00000048     drivers_tivaware.aem4f : GPIOTiva.oem4f (.const:gpioBaseAddresses)
                  000087cc    0000003c     empty_min_pem4f.oem4f (.const:ti_sysbios_knl_Task_Object__PARAMS__C)
                  00008808    00000030     Boot.aem4f : Boot_sysctl.oem4f (.const:g_sXTALtoMEMTIM)
                  00008838    00000030     empty_min_pem4f.oem4f (.const:ti_sysbios_family_arm_m3_Hwi_Object__PARAMS__C)
                  00008868    00000028     drivers_tivaware.aem4f : UARTTiva.oem4f (.const:UARTTiva_fxnTable)
                  00008890    00000028     empty_min_pem4f.oem4f (.const:ti_sysbios_heaps_HeapMem_Module__FXNS__C)
                  000088b8    00000024     empty_min_pem4f.oem4f (.const:ti_sysbios_gates_GateHwi_Module__FXNS__C)
                  000088dc    00000024     empty_min_pem4f.oem4f (.const:ti_sysbios_gates_GateMutex_Module__FXNS__C)
                  00008900    00000024     empty_min_pem4f.oem4f (.const:ti_sysbios_heaps_HeapMem_Object__PARAMS__C)
                  00008924    00000024     empty_min_pem4f.oem4f (.const:ti_sysbios_knl_Clock_Object__PARAMS__C)
                  00008948    00000024     empty_min_pem4f.oem4f (.const:ti_sysbios_knl_Semaphore_Object__PARAMS__C)
                  0000896c    00000020     drivers_tivaware.aem4f : PWMTimerTiva.oem4f (.const)
                  0000898c    00000020                            : PWMTiva.oem4f (.const)
                  000089ac    00000020     empty_min_pem4f.oem4f (.const:ti_sysbios_family_arm_m3_Hwi_Object__DESC__C)
                  000089cc    00000020     empty_min_pem4f.oem4f (.const:ti_sysbios_gates_GateHwi_Object__DESC__C)
                  000089ec    00000020     empty_min_pem4f.oem4f (.const:ti_sysbios_gates_GateMutex_Object__DESC__C)
                  00008a0c    00000020     empty_min_pem4f.oem4f (.const:ti_sysbios_heaps_HeapMem_Object__DESC__C)
                  00008a2c    00000020     empty_min_pem4f.oem4f (.const:ti_sysbios_knl_Clock_Object__DESC__C)
                  00008a4c    00000020     empty_min_pem4f.oem4f (.const:ti_sysbios_knl_Queue_Object__DESC__C)
                  00008a6c    00000020     empty_min_pem4f.oem4f (.const:ti_sysbios_knl_Semaphore_Object__DESC__C)
                  00008a8c    00000020     empty_min_pem4f.oem4f (.const:ti_sysbios_knl_Task_Object__DESC__C)
                  00008aac    00000020     empty_min_pem4f.oem4f (.const:xdc_runtime_Startup_sfxnTab__A)
                  00008acc    00000018     EK_TM4C1294XL.obj (.const:UART_config)
                  00008ae4    00000018     empty_min_pem4f.oem4f (.const:ti_sysbios_gates_GateHwi_Object__PARAMS__C)
                  00008afc    00000018     empty_min_pem4f.oem4f (.const:ti_sysbios_gates_GateMutex_Object__PARAMS__C)
                  00008b14    00000018     empty_min_pem4f.oem4f (.const:ti_sysbios_knl_Queue_Object__PARAMS__C)
                  00008b2c    00000018     EK_TM4C1294XL.obj (.const:uartTivaHWAttrs)
                  00008b44    00000014     EK_TM4C1294XL.obj (.const:GPIOTiva_config)
                  00008b58    00000014     empty_min_pem4f.oem4f (.const:xdc_runtime_Startup_firstFxns__A)
                  00008b6c    00000010     MotorLib.lib : motorlib.obj (.const:motorLibPWMTimerTivaHWAttrs)
                  00008b7c    00000010     empty_min_pem4f.oem4f (.const:xdc_runtime_Startup_sfxnRts__A)
                  00008b8c    0000000c     drivers_tivaware.aem4f : PWM.oem4f (.const)
                  00008b98    00000008     Boot.aem4f : Boot_sysctl.oem4f (.const)
                  00008ba0    00000008     empty_min_pem4f.oem4f (.const:ti_sysbios_family_arm_m3_Hwi_excHookFuncs__A)
                  00008ba8    00000008     empty_min_pem4f.oem4f (.const:ti_sysbios_knl_Idle_funcList__C)
                  00008bb0    00000008     empty_min_pem4f.oem4f (.const:xdc_runtime_Startup_firstFxns__C)
                  00008bb8    00000008     empty_min_pem4f.oem4f (.const:xdc_runtime_Startup_lastFxns__C)
                  00008bc0    00000004     empty_min_pem4f.oem4f (.const:ti_catalog_arm_cortexm4_tiva_ce_Boot_A_mustNotUseEnhancedClockMode__C)
                  00008bc4    00000004     empty_min_pem4f.oem4f (.const:ti_catalog_arm_cortexm4_tiva_ce_Boot_Module__diagsEnabled__C)
                  00008bc8    00000004     empty_min_pem4f.oem4f (.const:ti_catalog_arm_cortexm4_tiva_ce_Boot_Module__diagsIncluded__C)
                  00008bcc    00000004     empty_min_pem4f.oem4f (.const:ti_catalog_arm_cortexm4_tiva_ce_Boot_Module__diagsMask__C)
                  00008bd0    00000004     empty_min_pem4f.oem4f (.const:ti_sysbios_family_arm_lm4_Timer_enableFunc__C)
                  00008bd4    00000004     empty_min_pem4f.oem4f (.const:ti_sysbios_family_arm_lm4_Timer_numTimerDevices__C)
                  00008bd8    00000004     empty_min_pem4f.oem4f (.const:ti_sysbios_family_arm_lm4_Timer_startupNeeded__C)
                  00008bdc    00000004     empty_min_pem4f.oem4f (.const:ti_sysbios_family_arm_m3_Hwi_E_NMI__C)
                  00008be0    00000004     empty_min_pem4f.oem4f (.const:ti_sysbios_family_arm_m3_Hwi_E_alreadyDefined__C)
                  00008be4    00000004     empty_min_pem4f.oem4f (.const:ti_sysbios_family_arm_m3_Hwi_E_busFault__C)
                  00008be8    00000004     empty_min_pem4f.oem4f (.const:ti_sysbios_family_arm_m3_Hwi_E_debugMon__C)
                  00008bec    00000004     empty_min_pem4f.oem4f (.const:ti_sysbios_family_arm_m3_Hwi_E_hardFault__C)
                  00008bf0    00000004     empty_min_pem4f.oem4f (.const:ti_sysbios_family_arm_m3_Hwi_E_memFault__C)
                  00008bf4    00000004     empty_min_pem4f.oem4f (.const:ti_sysbios_family_arm_m3_Hwi_E_noIsr__C)
                  00008bf8    00000004     empty_min_pem4f.oem4f (.const:ti_sysbios_family_arm_m3_Hwi_E_reserved__C)
                  00008bfc    00000004     empty_min_pem4f.oem4f (.const:ti_sysbios_family_arm_m3_Hwi_E_svCall__C)
                  00008c00    00000004     empty_min_pem4f.oem4f (.const:ti_sysbios_family_arm_m3_Hwi_E_usageFault__C)
                  00008c04    00000004     empty_min_pem4f.oem4f (.const:ti_sysbios_family_arm_m3_Hwi_NUM_INTERRUPTS__C)
                  00008c08    00000004     empty_min_pem4f.oem4f (.const:ti_sysbios_family_arm_m3_Hwi_Object__count__C)
                  00008c0c    00000004     empty_min_pem4f.oem4f (.const:ti_sysbios_family_arm_m3_Hwi_ccr__C)
                  00008c10    00000004     empty_min_pem4f.oem4f (.const:ti_sysbios_family_arm_m3_Hwi_excHandlerFunc__C)
                  00008c14    00000004     empty_min_pem4f.oem4f (.const:ti_sysbios_family_arm_m3_Hwi_excHookFuncs__C)
                  00008c18    00000004     empty_min_pem4f.oem4f (.const:ti_sysbios_family_arm_m3_Hwi_nullIsrFunc__C)
                  00008c1c    00000004     empty_min_pem4f.oem4f (.const:ti_sysbios_family_arm_m3_Hwi_priGroup__C)
                  00008c20    00000004     empty_min_pem4f.oem4f (.const:ti_sysbios_family_arm_m3_TaskSupport_stackAlignment__C)
                  00008c24    00000004     empty_min_pem4f.oem4f (.const:ti_sysbios_gates_GateMutex_Instance_State_sem__O)
                  00008c28    00000004     empty_min_pem4f.oem4f (.const:ti_sysbios_heaps_HeapMem_E_memory__C)
                  00008c2c    00000004     empty_min_pem4f.oem4f (.const:ti_sysbios_heaps_HeapMem_Module__gateObj__C)
                  00008c30    00000004     empty_min_pem4f.oem4f (.const:ti_sysbios_heaps_HeapMem_Object__count__C)
                  00008c34    00000004     empty_min_pem4f.oem4f (.const:ti_sysbios_heaps_HeapMem_reqAlign__C)
                  00008c38    00000004     empty_min_pem4f.oem4f (.const:ti_sysbios_knl_Clock_Module_State_clockQ__O)
                  00008c3c    00000004     empty_min_pem4f.oem4f (.const:ti_sysbios_knl_Semaphore_Instance_State_pendQ__O)
                  00008c40    00000004     empty_min_pem4f.oem4f (.const:ti_sysbios_knl_Swi_Object__count__C)
                  00008c44    00000004     empty_min_pem4f.oem4f (.const:ti_sysbios_knl_Task_Module_State_inactiveQ__O)
                  00008c48    00000004     empty_min_pem4f.oem4f (.const:ti_sysbios_knl_Task_Object__count__C)
                  00008c4c    00000004     empty_min_pem4f.oem4f (.const:ti_sysbios_knl_Task_allBlockedFunc__C)
                  00008c50    00000004     empty_min_pem4f.oem4f (.const:ti_sysbios_knl_Task_defaultStackHeap__C)
                  00008c54    00000004     empty_min_pem4f.oem4f (.const:ti_sysbios_knl_Task_defaultStackSize__C)
                  00008c58    00000004     empty_min_pem4f.oem4f (.const:ti_sysbios_knl_Task_numConstructedTasks__C)
                  00008c5c    00000004     empty_min_pem4f.oem4f (.const:xdc_runtime_Assert_E_assertFailed__C)
                  00008c60    00000004     empty_min_pem4f.oem4f (.const:xdc_runtime_Core_A_initializedParams__C)
                  00008c64    00000004     empty_min_pem4f.oem4f (.const:xdc_runtime_Core_Module__diagsEnabled__C)
                  00008c68    00000004     empty_min_pem4f.oem4f (.const:xdc_runtime_Core_Module__diagsIncluded__C)
                  00008c6c    00000004     empty_min_pem4f.oem4f (.const:xdc_runtime_Core_Module__diagsMask__C)
                  00008c70    00000004     empty_min_pem4f.oem4f (.const:xdc_runtime_Error_E_generic__C)
                  00008c74    00000004     empty_min_pem4f.oem4f (.const:xdc_runtime_Error_E_memory__C)
                  00008c78    00000004     empty_min_pem4f.oem4f (.const:xdc_runtime_Error_Module__diagsEnabled__C)
                  00008c7c    00000004     empty_min_pem4f.oem4f (.const:xdc_runtime_Error_Module__diagsIncluded__C)
                  00008c80    00000004     empty_min_pem4f.oem4f (.const:xdc_runtime_Error_Module__diagsMask__C)
                  00008c84    00000004     empty_min_pem4f.oem4f (.const:xdc_runtime_Error_Module__loggerFxn8__C)
                  00008c88    00000004     empty_min_pem4f.oem4f (.const:xdc_runtime_Error_Module__loggerObj__C)
                  00008c8c    00000004     empty_min_pem4f.oem4f (.const:xdc_runtime_Error_policyFxn__C)
                  00008c90    00000004     empty_min_pem4f.oem4f (.const:xdc_runtime_Error_raiseHook__C)
                  00008c94    00000004     empty_min_pem4f.oem4f (.const:xdc_runtime_IGateProvider_Interface__BASE__C)
                  00008c98    00000004     empty_min_pem4f.oem4f (.const:xdc_runtime_IHeap_Interface__BASE__C)
                  00008c9c    00000004     empty_min_pem4f.oem4f (.const:xdc_runtime_IModule_Interface__BASE__C)
                  00008ca0    00000004     empty_min_pem4f.oem4f (.const:xdc_runtime_Log_L_error__C)
                  00008ca4    00000004     empty_min_pem4f.oem4f (.const:xdc_runtime_Memory_defaultHeapInstance__C)
                  00008ca8    00000004     empty_min_pem4f.oem4f (.const:xdc_runtime_Startup_execImpl__C)
                  00008cac    00000004     empty_min_pem4f.oem4f (.const:xdc_runtime_Startup_maxPasses__C)
                  00008cb0    00000004     empty_min_pem4f.oem4f (.const:xdc_runtime_Startup_sfxnRts__C)
                  00008cb4    00000004     empty_min_pem4f.oem4f (.const:xdc_runtime_Startup_sfxnTab__C)
                  00008cb8    00000004     empty_min_pem4f.oem4f (.const:xdc_runtime_SysMin_bufSize__C)
                  00008cbc    00000004     empty_min_pem4f.oem4f (.const:xdc_runtime_SysMin_outputFunc__C)
                  00008cc0    00000004     empty_min_pem4f.oem4f (.const:xdc_runtime_System_Module__gateObj__C)
                  00008cc4    00000004     empty_min_pem4f.oem4f (.const:xdc_runtime_System_abortFxn__C)
                  00008cc8    00000004     empty_min_pem4f.oem4f (.const:xdc_runtime_System_exitFxn__C)
                  00008ccc    00000004     empty_min_pem4f.oem4f (.const:xdc_runtime_System_extendFxn__C)
                  00008cd0    00000004     empty_min_pem4f.oem4f (.const:xdc_runtime_System_maxAtexitHandlers__C)
                  00008cd4    00000004     empty_min_pem4f.oem4f (.const:xdc_runtime_Text_charTab__C)
                  00008cd8    00000004     empty_min_pem4f.oem4f (.const:xdc_runtime_Text_nameEmpty__C)
                  00008cdc    00000004     empty_min_pem4f.oem4f (.const:xdc_runtime_Text_nameStatic__C)
                  00008ce0    00000004     empty_min_pem4f.oem4f (.const:xdc_runtime_Text_nameUnknown__C)
                  00008ce4    00000004     empty_min_pem4f.oem4f (.const:xdc_runtime_Text_nodeTab__C)
                  00008ce8    00000004     empty_min_pem4f.oem4f (.const:xdc_runtime_Text_visitRopeFxn__C)
                  00008cec    00000002     empty_min_pem4f.oem4f (.const:ti_catalog_arm_cortexm4_tiva_ce_Boot_Module__id__C)
                  00008cee    00000002     empty_min_pem4f.oem4f (.const:ti_sysbios_family_arm_m3_Hwi_Module__id__C)
                  00008cf0    00000002     empty_min_pem4f.oem4f (.const:ti_sysbios_heaps_HeapMem_Module__id__C)
                  00008cf2    00000002     empty_min_pem4f.oem4f (.const:xdc_runtime_Core_Module__id__C)
                  00008cf4    00000002     empty_min_pem4f.oem4f (.const:xdc_runtime_Error_Module__loggerDefined__C)
                  00008cf6    00000002     empty_min_pem4f.oem4f (.const:xdc_runtime_Error_maxDepth__C)
                  00008cf8    00000002     empty_min_pem4f.oem4f (.const:xdc_runtime_Main_Module__id__C)
                  00008cfa    00000002     empty_min_pem4f.oem4f (.const:xdc_runtime_Memory_Module__id__C)
                  00008cfc    00000002     empty_min_pem4f.oem4f (.const:xdc_runtime_SysMin_flushAtExit__C)
                  00008cfe    00000002     empty_min_pem4f.oem4f (.const:xdc_runtime_Text_charCnt__C)
                  00008d00    00000002     empty_min_pem4f.oem4f (.const:xdc_runtime_Text_isLoaded__C)
                  00008d02    00000002     empty_min_pem4f.oem4f (.const:xdc_runtime_Text_registryModsLastId__C)
                  00008d04    00000002     empty_min_pem4f.oem4f (.const:xdc_runtime_Text_unnamedModsLastId__C)
                  00008d06    00000001     empty_min_pem4f.oem4f (.const:xdc_runtime_Error_policy__C)

.cinit     0    00008d08    000001f8     
                  00008d08    000001c2     (.cinit..data.load) [load image, compression = lzss]
                  00008eca    00000002     --HOLE-- [fill = 0]
                  00008ecc    0000000c     (__TI_handler_table)
                  00008ed8    00000008     (.cinit..bss.load) [load image, compression = zero_init]
                  00008ee0    00000008     (.cinit..vecs.load) [load image, compression = zero_init]
                  00008ee8    00000018     (__TI_cinit_table)

.init_array 
*          0    00000000    00000000     UNINITIALIZED

.resetVecs 
*          0    00000000    0000003c     
                  00000000    0000003c     empty_min_pem4f.oem4f (.resetVecs)

.bss       0    20000360    000013a0     UNINITIALIZED
                  20000360    00000400     (.common:task0Stack)
                  20000760    00000400     (.common:task1Stack)
                  20000b60    00000400     (.common:ti_sysbios_heaps_HeapMem_Instance_State_0_buf__A)
                  20000f60    00000360     (.common:ti_sysbios_family_arm_m3_Hwi_dispatchTable)
                  200012c0    00000120     rtsv7M4_T_le_v4SPD16_eabi.lib : trgmsg.c.obj (.bss:_CIOBUF_)
                  200013e0    000000cc     (.common:uartTivaObjects)
                  200014ac    00000090     drivers_tivaware.aem4f : GPIOTiva.oem4f (.bss:gpioCallbackInfo)
                  2000153c    00000080     (.common:xdc_runtime_SysMin_Module_State_0_outbuf__A)
                  200015bc    00000050     (.common:task0Struct)
                  2000160c    00000050     (.common:task1Struct)
                  2000165c    00000038     (.common:motorLibPWMObjects)
                  20001694    00000020     MotorLib.lib : motorlib.obj (.bss:PWMStruct)
                  200016b4    00000020     (.common:uartTivaRingBuffer)
                  200016d4    00000018     (.common:motorLibPWMTimerObjects)
                  200016ec    00000008     (.common:parmbuf)
                  200016f4    00000004     (.common:g_ui32SysClock)
                  200016f8    00000004     (.common:gpioInterruptVectors)
                  200016fc    00000004     (.common:hallStates)

.data      0    20001700    00000404     UNINITIALIZED
                  20001700    00000080     empty_min_pem4f.oem4f (.data:ti_sysbios_knl_Swi_Module_State_0_readyQ__A)
                  20001780    00000080     empty_min_pem4f.oem4f (.data:ti_sysbios_knl_Task_Module_State_0_readyQ__A)
                  20001800    00000044     empty_min_pem4f.oem4f (.data:ti_sysbios_knl_Task_Module__state__V)
                  20001844    00000040     empty_min_pem4f.oem4f (.data:ti_sysbios_family_arm_lm4_Timer_Module_State_0_device__A)
                  20001884    00000040     empty_min_pem4f.oem4f (.data:ti_sysbios_family_arm_lm4_Timer_Object__table__V)
                  200018c4    00000038     empty_min_pem4f.oem4f (.data:ti_sysbios_gates_GateMutex_Object__table__V)
                  200018fc    00000034     empty_min_pem4f.oem4f (.data:ti_sysbios_family_arm_m3_Hwi_Module__state__V)
                  20001930    00000030     empty_min_pem4f.oem4f (.data:ti_sysbios_knl_Swi_Object__table__V)
                  20001960    0000002c     empty_min_pem4f.oem4f (.data:ti_sysbios_knl_Clock_Module__state__V)
                  2000198c    00000024     empty_min_pem4f.oem4f (.data:ti_sysbios_BIOS_Module__state__V)
                  200019b0    00000020     empty_min_pem4f.oem4f (.data:ti_sysbios_family_arm_lm4_Timer_Module_State_0_handles__A)
                  200019d0    0000001c     empty_min_pem4f.oem4f (.data:ti_sysbios_knl_Swi_Module__state__V)
                  200019ec    00000018     drivers_tivaware.aem4f : PWMTiva.oem4f (.data)
                  20001a04    00000018     empty_min_pem4f.oem4f (.data:ti_sysbios_family_arm_m3_Hwi_Object__table__V)
                  20001a1c    00000018     empty_min_pem4f.oem4f (.data:ti_sysbios_heaps_HeapMem_Object__table__V)
                  20001a34    00000010     EK_TM4C1294XL.obj (.data:gpioPinConfigs)
                  20001a44    0000000c     empty_min_pem4f.oem4f (.data:ti_sysbios_family_arm_lm4_Timer_Module__state__V)
                  20001a50    0000000c     empty_min_pem4f.oem4f (.data:xdc_runtime_SysMin_Module__state__V)
                  20001a5c    00000004     drivers_tivaware.aem4f : PWM.oem4f (.data)
                  20001a60    0000000a     empty_min.obj (.data)
                  20001a6a    00000002     empty_min_pem4f.oem4f (.data:ti_sysbios_family_arm_m3_Hwi_Module_State_0_excActive__A)
                  20001a6c    00000008     rtsv7M4_T_le_v4SPD16_eabi.lib : _lock.c.obj (.data:$O1$$)
                  20001a74    00000008     EK_TM4C1294XL.obj (.data:gpioCallbackFunctions)
                  20001a7c    00000008     empty_min_pem4f.oem4f (.data:ti_sysbios_family_arm_m3_Hwi_Module__root__V)
                  20001a84    00000008     empty_min_pem4f.oem4f (.data:ti_sysbios_gates_GateHwi_Module__root__V)
                  20001a8c    00000008     empty_min_pem4f.oem4f (.data:ti_sysbios_gates_GateMutex_Module__root__V)
                  20001a94    00000008     empty_min_pem4f.oem4f (.data:ti_sysbios_heaps_HeapMem_Module__root__V)
                  20001a9c    00000008     empty_min_pem4f.oem4f (.data:ti_sysbios_knl_Clock_Module__root__V)
                  20001aa4    00000008     empty_min_pem4f.oem4f (.data:ti_sysbios_knl_Queue_Module__root__V)
                  20001aac    00000008     empty_min_pem4f.oem4f (.data:ti_sysbios_knl_Semaphore_Module__root__V)
                  20001ab4    00000008     empty_min_pem4f.oem4f (.data:ti_sysbios_knl_Task_Module__root__V)
                  20001abc    00000008     empty_min_pem4f.oem4f (.data:xdc_runtime_Registry_Module__state__V)
                  20001ac4    00000008     empty_min_pem4f.oem4f (.data:xdc_runtime_Startup_Module__state__V)
                  20001acc    00000008     empty_min_pem4f.oem4f (.data:xdc_runtime_System_Module_State_0_atexitHandlers__A)
                  20001ad4    00000008     empty_min_pem4f.oem4f (.data:xdc_runtime_System_Module__state__V)
                  20001adc    00000005     drivers_tivaware.aem4f : GPIOTiva.oem4f (.data)
                  20001ae1    00000001     --HOLE--
                  20001ae2    00000002     empty_min_pem4f.oem4f (.data:xdc_runtime_Error_Module__state__V)
                  20001ae4    00000004     drivers_tivaware.aem4f : UART.oem4f (.data)
                  20001ae8    00000004     rtsv7M4_T_le_v4SPD16_eabi.lib : stkdepth_vars.c.obj (.data)
                  20001aec    00000004                                   : vla_alloc.c.obj (.data)
                  20001af0    00000004     empty_min_pem4f.oem4f (.data:ti_sysbios_family_arm_m3_Hwi_Module_State_0_excContext__A)
                  20001af4    00000004     empty_min_pem4f.oem4f (.data:ti_sysbios_family_arm_m3_Hwi_Module_State_0_excStack__A)
                  20001af8    00000004     empty_min_pem4f.oem4f (.data:ti_sysbios_gates_GateHwi_Object__table__V)
                  20001afc    00000004     empty_min_pem4f.oem4f (.data:ti_sysbios_knl_Task_Module_State_0_idleTask__A)
                  20001b00    00000004     empty_min_pem4f.oem4f (.data:xdc_runtime_Memory_Module__state__V)

.stack     0    20001b08    00000300     UNINITIALIZED
                  20001b08    00000300     --HOLE--

.bootVecs 
*          0    00000000    00000008     DSECT
                  00000000    00000008     boot.aem4f : boot.oem4f (.bootVecs)

.vecs      0    20000000    00000360     UNINITIALIZED
                  20000000    00000360     empty_min_pem4f.oem4f (.vecs)

xdc.meta   0    00000000    00000102     COPY SECTION
                  00000000    00000102     empty_min_pem4f.oem4f (xdc.meta)

__llvm_prf_cnts 
*          0    20000000    00000000     UNINITIALIZED

MODULE SUMMARY

       Module                       code    ro data   rw data
       ------                       ----    -------   -------
    .\
       empty_min.obj                706     0         2226   
       EK_TM4C1294XL.obj            236     68        260    
    +--+----------------------------+-------+---------+---------+
       Total:                       942     68        2486   
                                                             
    C:\Users\matti\workspace_v12\Assign2-Grp14\empty_min_EK_TM4C1294XL_TI\Debug\configPkg\package\cfg\
       empty_min_pem4f.oem4f        2022    7615      3820   
    +--+----------------------------+-------+---------+---------+
       Total:                       2022    7615      3820   
                                                             
    ../drivers/MotorLib.lib
       motorlib.obj                 1708    196       112    
    +--+----------------------------+-------+---------+---------+
       Total:                       1708    196       112    
                                                             
    C:/ti/tirtos_tivac_2_16_01_14/products/TivaWare_C_Series-2.1.1.71b/driverlib/ccs/Debug/driverlib.lib
       gpio.obj                     632     144       0      
       timer.obj                    226     0         0      
       uart.obj                     226     0         0      
       pwm.obj                      178     0         0      
       sysctl.obj                   128     0         0      
    +--+----------------------------+-------+---------+---------+
       Total:                       1390    144       0      
                                                             
    C:/ti/tirtos_tivac_2_16_01_14/products/tidrivers_tivac_2_16_01_13/packages/ti/drivers/lib/drivers_tivaware.aem4f
       UARTTiva.oem4f               2262    116       0      
       GPIOTiva.oem4f               764     156       153    
       PWMTiva.oem4f                962     32        24     
       PWMTimerTiva.oem4f           666     32        0      
       RingBuf.oem4f                164     0         0      
       PWM.oem4f                    130     12        4      
       UART.oem4f                   56      0         4      
    +--+----------------------------+-------+---------+---------+
       Total:                       5004    348       185    
                                                             
    C:\Users\matti\workspace_v12\Assign2-Grp14\empty_min_EK_TM4C1294XL_TI\src\sysbios\sysbios.aem4f
       BIOS.obj                     8798    0         0      
       m3_Hwi_asm.obj               314     0         0      
       m3_TaskSupport_asm.obj       180     0         0      
       m3_Hwi_asm_switch.obj        118     0         0      
    +--+----------------------------+-------+---------+---------+
       Total:                       9410    0         0      
                                                             
    C:\ti\ccs1230\ccs\tools\compiler\ti-cgt-arm_20.2.7.LTS\lib\rtsv7M4_T_le_v4SPD16_eabi.lib
       vla_alloc.c.obj              452     0         4      
       trgmsg.c.obj                 108     0         288    
       fd_cmp_t2.asm.obj            268     0         0      
       memcpy_t2.asm.obj            156     0         0      
       memset_t2.asm.obj            122     0         0      
       copy_decompress_lzss.c.obj   104     0         0      
       hostwrite.c.obj              88      0         0      
       cpy_tbl.c.obj                76      0         0      
       u_divt2.asm.obj              64      0         0      
       _lock.c.obj                  26      0         8      
       u_tofd_t2.asm.obj            32      0         0      
       args_main.c.obj              24      0         0      
       strlen.c.obj                 20      0         0      
       copy_decompress_none.c.obj   14      0         0      
       copy_zero_init.c.obj         12      0         0      
       hostopen.c.obj               0       0         8      
       error.c.obj                  4       0         0      
       exit.c.obj                   4       0         0      
       stkdepth_vars.c.obj          0       0         4      
       div0.asm.obj                 2       0         0      
    +--+----------------------------+-------+---------+---------+
       Total:                       1576    0         312    
                                                             
    C:\ti\tirtos_tivac_2_16_01_14\products\bios_6_45_02_31\packages\ti\catalog\arm\cortexm4\tiva\ce\lib\Boot.aem4f
       Boot_sysctl.oem4f            628     452       0      
       Boot.oem4f                   152     0         0      
    +--+----------------------------+-------+---------+---------+
       Total:                       780     452       0      
                                                             
    C:\ti\tirtos_tivac_2_16_01_14\products\bios_6_45_02_31\packages\ti\targets\arm\rtsarm\lib\auto_init.aem4f
       auto_init.oem4f              160     0         0      
    +--+----------------------------+-------+---------+---------+
       Total:                       160     0         0      
                                                             
    C:\ti\tirtos_tivac_2_16_01_14\products\bios_6_45_02_31\packages\ti\targets\arm\rtsarm\lib\boot.aem4f
       boot.oem4f                   88      0         0      
    +--+----------------------------+-------+---------+---------+
       Total:                       88      0         0      
                                                             
    C:\ti\tirtos_tivac_2_16_01_14\products\bios_6_45_02_31\packages\ti\targets\arm\rtsarm\lib\ti.targets.arm.rtsarm.aem4f
       System.oem4f                 1255    0         0      
       Text.oem4f                   672     0         0      
       Error.oem4f                  524     0         0      
       Core-mem.oem4f               358     0         0      
       Startup.oem4f                328     0         0      
       SysMin.oem4f                 248     0         0      
       Core-smem.oem4f              204     0         0      
       Memory.oem4f                 176     0         0      
       Assert.oem4f                 84      0         0      
       Core-params.oem4f            70      0         0      
       Core-label.oem4f             52      0         0      
       Registry.oem4f               32      0         0      
       Gate.oem4f                   28      0         0      
    +--+----------------------------+-------+---------+---------+
       Total:                       4031    0         0      
                                                             
       Stack:                       0       0         768    
       Linker Generated:            0       502       0      
    +--+----------------------------+-------+---------+---------+
       Grand Total:                 27111   9325      7683   


LINKER GENERATED COPY TABLES

__TI_cinit_table @ 00008ee8 records: 3, size/record: 8, table size: 24
	.data: load addr=00008d08, load size=000001c2 bytes, run addr=20001700, run size=00000404 bytes, compression=lzss
	.bss: load addr=00008ed8, load size=00000008 bytes, run addr=20000360, run size=000013a0 bytes, compression=zero_init
	.vecs: load addr=00008ee0, load size=00000008 bytes, run addr=20000000, run size=00000360 bytes, compression=zero_init


LINKER GENERATED HANDLER TABLE

__TI_handler_table @ 00008ecc records: 3, size/record: 4, table size: 12
	index: 0, handler: __TI_decompress_lzss
	index: 1, handler: __TI_decompress_none
	index: 2, handler: __TI_zero_init


GLOBAL SYMBOLS: SORTED ALPHABETICALLY BY Name 

address   name                                                                 
-------   ----                                                                 
00001475  C$$EXIT                                                              
0000569b  C$$IO$$                                                              
00006a09  EK_TM4C1294XL_initGPIO                                               
00002ce5  EK_TM4C1294XL_initGeneral                                            
00005c39  EK_TM4C1294XL_initUART                                               
00005d19  GPIODirModeSet                                                       
00004503  GPIOIntClear                                                         
00006831  GPIOIntStatus                                                        
00004841  GPIOIntTypeSet                                                       
00001e01  GPIOPadConfigSet                                                     
00004ee1  GPIOPinConfigure                                                     
000048eb  GPIOPinRead                                                          
0000661d  GPIOPinTypeGPIOInput                                                 
0000642f  GPIOPinTypeGPIOOutput                                                
0000662f  GPIOPinTypePWM                                                       
00006641  GPIOPinTypeTimer                                                     
00006653  GPIOPinTypeUART                                                      
00006a51  GPIOPinWrite                                                         
00008b44  GPIOTiva_config                                                      
00004249  GPIO_hwiIntFxn                                                       
000036ed  GPIO_init                                                            
000049ed  GPIO_setCallback                                                     
00001a1d  GPIO_setConfig                                                       
00004a3d  GPIO_write                                                           
00004739  HOSTwrite                                                            
UNDEFED   MAP_SysCtlClockFreqSet                                               
00006565  PWMClockSet                                                          
00005f81  PWMGenConfigure                                                      
00006895  PWMGenDisable                                                        
000068a1  PWMGenEnable                                                         
00006665  PWMGenPeriodGet                                                      
0000672d  PWMGenPeriodSet                                                      
00006677  PWMOutputInvert                                                      
00006689  PWMOutputState                                                       
00006191  PWMPulseWidthSet                                                     
0000898a  PWMTimerTiva_MAX_MATCH_VALUE                                         
[...]
000069c3  PWM_setDuty                                                          
000069cd  UARTCharGet                                                          
000069d7  UARTCharPut                                                          
000069e1  UARTIntDisable                                                       
000069eb  UARTIntStatus                                                        
000069f5  xdc_runtime_Memory_HeapProxy_alloc__E                                
000069ff  xdc_runtime_Memory_HeapProxy_free__E                                 
00006a09  EK_TM4C1294XL_initGPIO                                               
00006a11  PWMTimerTiva_init                                                    
00006a19  UARTIntEnable                                                        
00006a21  UARTRxErrorGet                                                       
00006a31  ti_sysbios_family_arm_lm4_Timer_masterDisable__I                     
00006a39  ti_sysbios_family_arm_m3_Hwi_doSwiRestore__I                         
00006a41  ti_sysbios_family_arm_m3_Hwi_startup__E                              
00006a41  ti_sysbios_hal_Hwi_HwiProxy_startup__E                               
00006a41  ti_sysbios_hal_Hwi_startup__E                                        
00006a51  GPIOPinWrite                                                         
00006a57  PWMTimerTiva_getPeriodMicroSecs                                      
00006a5d  UARTFIFOLevelSet                                                     
00006a63  UARTRxErrorClear                                                     
00006a69  ti_sysbios_family_arm_m3_Hwi_doTaskRestore__I                        
00006a71  ti_sysbios_family_arm_m3_Hwi_restoreFxn__E                           
00006a71  ti_sysbios_hal_Hwi_HwiProxy_restore__E                               
00006a79  ti_sysbios_gates_GateHwi_leave__E                                    
00006a81  ti_sysbios_heaps_HeapMem_isBlocking__E                               
00006a89  ti_sysbios_knl_Clock_stop__E                                         
00006a91  ti_sysbios_knl_Queue_Instance_init__E                                
00006a99  ti_sysbios_knl_Swi_startup__E                                        
00006a9f  xdc_runtime_System_Module_startup__E                                 
00006aa9  ti_sysbios_gates_GateHwi_query__E                                    
00006aa9  xdc_runtime_Main_Module_GateProxy_query__E                           
00006aa9  xdc_runtime_System_Module_GateProxy_query__E                         
00006ab1  ti_sysbios_BIOS_RtsGateProxy_query__E                                
00006ab1  ti_sysbios_gates_GateMutex_query__E                                  
00006ab1  ti_sysbios_heaps_HeapMem_Module_GateProxy_query__E                   
00006ab9  ti_sysbios_knl_Task_startup__E                                       
00006ac1  ti_sysbios_gates_GateHwi_Instance_init__E                            
00006ac9  ti_sysbios_knl_Clock_logTick__E                                      
00006acc  xdc_runtime_Text_charTab__A                                          
00008430  xdc_runtime_Text_nodeTab__A                                          
000085e8  PWM_config                                                           
0000869c  motorLibPWMTivaHWAttrs                                               
000087cc  ti_sysbios_knl_Task_Object__PARAMS__C                                
00008838  ti_sysbios_family_arm_m3_Hwi_Object__PARAMS__C                       
00008868  UARTTiva_fxnTable                                                    
00008890  ti_sysbios_heaps_HeapMem_Module__FXNS__C                             
000088b8  ti_sysbios_gates_GateHwi_Module__FXNS__C                             
000088dc  ti_sysbios_gates_GateMutex_Module__FXNS__C                           
00008900  ti_sysbios_heaps_HeapMem_Object__PARAMS__C                           
00008924  ti_sysbios_knl_Clock_Object__PARAMS__C                               
00008948  ti_sysbios_knl_Semaphore_Object__PARAMS__C                           
0000896c  PWMTimerTiva_fxnTable                                                
00008988  PWMTimerTiva_MAX_PRESCALAR_VALUE                                     
0000898a  PWMTimerTiva_MAX_MATCH_VALUE                                         
0000898c  PWMTiva_fxnTable                                                     
000089a8  PWMTiva_MAX_PRESCALAR                                                
000089aa  PWMTiva_MAX_MATCH_VALUE                                              
000089ac  ti_sysbios_family_arm_m3_Hwi_Object__DESC__C                         
000089cc  ti_sysbios_gates_GateHwi_Object__DESC__C                             
000089ec  ti_sysbios_gates_GateMutex_Object__DESC__C                           
00008a0c  ti_sysbios_heaps_HeapMem_Object__DESC__C                             
00008a2c  ti_sysbios_knl_Clock_Object__DESC__C                                 
00008a4c  ti_sysbios_knl_Queue_Object__DESC__C                                 
00008a6c  ti_sysbios_knl_Semaphore_Object__DESC__C                             
00008a8c  ti_sysbios_knl_Task_Object__DESC__C                                  
00008aac  xdc_runtime_Startup_sfxnTab__A                                       
00008acc  UART_config                                                          
00008ae4  ti_sysbios_gates_GateHwi_Object__PARAMS__C                           
00008afc  ti_sysbios_gates_GateMutex_Object__PARAMS__C                         
00008b14  ti_sysbios_knl_Queue_Object__PARAMS__C                               
00008b2c  uartTivaHWAttrs                                                      
00008b44  GPIOTiva_config                                                      
00008b58  xdc_runtime_Startup_firstFxns__A                                     
00008b6c  motorLibPWMTimerTivaHWAttrs                                          
00008b7c  xdc_runtime_Startup_sfxnRts__A                                       
00008b8c  PWM_defaultParams                                                    
00008ba0  ti_sysbios_family_arm_m3_Hwi_excHookFuncs__A                         
00008ba8  ti_sysbios_knl_Idle_funcList__C                                      
00008bb0  xdc_runtime_Startup_firstFxns__C                                     
00008bb8  xdc_runtime_Startup_lastFxns__C                                      
00008bc0  ti_catalog_arm_cortexm4_tiva_ce_Boot_A_mustNotUseEnhancedClockMode__C
00008bc4  ti_catalog_arm_cortexm4_tiva_ce_Boot_Module__diagsEnabled__C         
00008bc8  ti_catalog_arm_cortexm4_tiva_ce_Boot_Module__diagsIncluded__C        
00008bcc  ti_catalog_arm_cortexm4_tiva_ce_Boot_Module__diagsMask__C            
00008bd0  ti_sysbios_family_arm_lm4_Timer_enableFunc__C                        
00008bd4  ti_sysbios_family_arm_lm4_Timer_numTimerDevices__C                   
00008bd8  ti_sysbios_family_arm_lm4_Timer_startupNeeded__C                     
00008bdc  ti_sysbios_family_arm_m3_Hwi_E_NMI__C                                
00008be0  ti_sysbios_family_arm_m3_Hwi_E_alreadyDefined__C                     
00008be4  ti_sysbios_family_arm_m3_Hwi_E_busFault__C                           
00008be8  ti_sysbios_family_arm_m3_Hwi_E_debugMon__C                           
00008bec  ti_sysbios_family_arm_m3_Hwi_E_hardFault__C                          
00008bf0  ti_sysbios_family_arm_m3_Hwi_E_memFault__C                           
00008bf4  ti_sysbios_family_arm_m3_Hwi_E_noIsr__C                              
00008bf8  ti_sysbios_family_arm_m3_Hwi_E_reserved__C                           
00008bfc  ti_sysbios_family_arm_m3_Hwi_E_svCall__C                             
00008c00  ti_sysbios_family_arm_m3_Hwi_E_usageFault__C                         
00008c04  ti_sysbios_family_arm_m3_Hwi_NUM_INTERRUPTS__C                       
00008c08  ti_sysbios_family_arm_m3_Hwi_Object__count__C                        
00008c0c  ti_sysbios_family_arm_m3_Hwi_ccr__C                                  
00008c10  ti_sysbios_family_arm_m3_Hwi_excHandlerFunc__C                       
00008c14  ti_sysbios_family_arm_m3_Hwi_excHookFuncs__C                         
00008c18  ti_sysbios_family_arm_m3_Hwi_nullIsrFunc__C                          
00008c1c  ti_sysbios_family_arm_m3_Hwi_priGroup__C                             
00008c20  ti_sysbios_family_arm_m3_TaskSupport_stackAlignment__C               
00008c24  ti_sysbios_gates_GateMutex_Instance_State_sem__O                     
00008c28  ti_sysbios_heaps_HeapMem_E_memory__C                                 
00008c2c  ti_sysbios_heaps_HeapMem_Module__gateObj__C                          
00008c30  ti_sysbios_heaps_HeapMem_Object__count__C                            
00008c34  ti_sysbios_heaps_HeapMem_reqAlign__C                                 
00008c38  ti_sysbios_knl_Clock_Module_State_clockQ__O                          
00008c3c  ti_sysbios_knl_Semaphore_Instance_State_pendQ__O                     
00008c40  ti_sysbios_knl_Swi_Object__count__C                                  
00008c44  ti_sysbios_knl_Task_Module_State_inactiveQ__O                        
00008c48  ti_sysbios_knl_Task_Object__count__C                                 
00008c4c  ti_sysbios_knl_Task_allBlockedFunc__C                                
00008c50  ti_sysbios_knl_Task_defaultStackHeap__C                              
00008c54  ti_sysbios_knl_Task_defaultStackSize__C                              
00008c58  ti_sysbios_knl_Task_numConstructedTasks__C                           
00008c5c  xdc_runtime_Assert_E_assertFailed__C                                 
00008c60  xdc_runtime_Core_A_initializedParams__C                              
00008c64  xdc_runtime_Core_Module__diagsEnabled__C                             
00008c68  xdc_runtime_Core_Module__diagsIncluded__C                            
00008c6c  xdc_runtime_Core_Module__diagsMask__C                                
00008c70  xdc_runtime_Error_E_generic__C                                       
00008c74  xdc_runtime_Error_E_memory__C                                        
00008c78  xdc_runtime_Error_Module__diagsEnabled__C                            
00008c7c  xdc_runtime_Error_Module__diagsIncluded__C                           
00008c80  xdc_runtime_Error_Module__diagsMask__C                               
00008c84  xdc_runtime_Error_Module__loggerFxn8__C                              
00008c88  xdc_runtime_Error_Module__loggerObj__C                               
00008c8c  xdc_runtime_Error_policyFxn__C                                       
00008c90  xdc_runtime_Error_raiseHook__C                                       
00008c94  xdc_runtime_IGateProvider_Interface__BASE__C                         
00008c98  xdc_runtime_IHeap_Interface__BASE__C                                 
00008c9c  xdc_runtime_IModule_Interface__BASE__C                               
00008ca0  xdc_runtime_Log_L_error__C                                           
00008ca4  xdc_runtime_Memory_defaultHeapInstance__C                            
00008ca8  xdc_runtime_Startup_execImpl__C                                      
00008cac  xdc_runtime_Startup_maxPasses__C                                     
00008cb0  xdc_runtime_Startup_sfxnRts__C                                       
00008cb4  xdc_runtime_Startup_sfxnTab__C                                       
00008cb8  xdc_runtime_SysMin_bufSize__C                                        
00008cbc  xdc_runtime_SysMin_outputFunc__C                                     
00008cc0  xdc_runtime_System_Module__gateObj__C                                
00008cc4  xdc_runtime_System_abortFxn__C                                       
00008cc8  xdc_runtime_System_exitFxn__C                                        
00008ccc  xdc_runtime_System_extendFxn__C                                      
00008cd0  xdc_runtime_System_maxAtexitHandlers__C                              
00008cd4  xdc_runtime_Text_charTab__C                                          
00008cd8  xdc_runtime_Text_nameEmpty__C                                        
00008cdc  xdc_runtime_Text_nameStatic__C                                       
00008ce0  xdc_runtime_Text_nameUnknown__C                                      
00008ce4  xdc_runtime_Text_nodeTab__C                                          
00008ce8  xdc_runtime_Text_visitRopeFxn__C                                     
00008cec  ti_catalog_arm_cortexm4_tiva_ce_Boot_Module__id__C                   
00008cee  ti_sysbios_family_arm_m3_Hwi_Module__id__C                           
00008cf0  ti_sysbios_heaps_HeapMem_Module__id__C                               
00008cf2  xdc_runtime_Core_Module__id__C                                       
00008cf4  xdc_runtime_Error_Module__loggerDefined__C                           
00008cf6  xdc_runtime_Error_maxDepth__C                                        
00008cf8  xdc_runtime_Main_Module__id__C                                       
00008cfa  xdc_runtime_Memory_Module__id__C                                     
00008cfc  xdc_runtime_SysMin_flushAtExit__C                                    
00008cfe  xdc_runtime_Text_charCnt__C                                          
00008d00  xdc_runtime_Text_isLoaded__C                                         
00008d02  xdc_runtime_Text_registryModsLastId__C                               
00008d04  xdc_runtime_Text_unnamedModsLastId__C                                
00008d06  xdc_runtime_Error_policy__C                                          
00008d08  __TI_static_base__                                                   
00008ecc  __TI_Handler_Table_Base                                              
00008ed8  __TI_Handler_Table_Limit                                             
00008ee8  __TI_CINIT_Base                                                      
00008f00  __TI_CINIT_Limit                                                     
20000000  __start___llvm_prf_cnts                                              
20000000  __stop___llvm_prf_cnts                                               
20000000  ti_sysbios_family_arm_m3_Hwi_ramVectors                              
20000360  task0Stack                                                           
20000760  task1Stack                                                           
20000b60  ti_sysbios_heaps_HeapMem_Instance_State_0_buf__A                     
20000f60  ti_sysbios_family_arm_m3_Hwi_dispatchTable                           
200012c0  __CIOBUF_                                                            
200013e0  uartTivaObjects                                                      
2000153c  xdc_runtime_SysMin_Module_State_0_outbuf__A                          
200015bc  task0Struct                                                          
2000160c  task1Struct                                                          
2000165c  motorLibPWMObjects                                                   
200016b4  uartTivaRingBuffer                                                   
200016d4  motorLibPWMTimerObjects                                              
200016ec  parmbuf                                                              
200016f4  g_ui32SysClock                                                       
200016fc  hallStates                                                           
20001700  ti_sysbios_knl_Swi_Module_State_0_readyQ__A                          
20001780  ti_sysbios_knl_Task_Module_State_0_readyQ__A                         
20001800  ti_sysbios_knl_Task_Module__state__V                                 
20001844  ti_sysbios_family_arm_lm4_Timer_Module_State_0_device__A             
20001884  ti_sysbios_family_arm_lm4_Timer_Object__table__V                     
200018c4  ti_sysbios_gates_GateMutex_Object__table__V                          
200018fc  ti_sysbios_family_arm_m3_Hwi_Module__state__V                        
20001930  ti_sysbios_knl_Swi_Object__table__V                                  
20001960  ti_sysbios_knl_Clock_Module__state__V                                
2000198c  ti_sysbios_BIOS_Module__state__V                                     
200019b0  ti_sysbios_family_arm_lm4_Timer_Module_State_0_handles__A            
200019d0  ti_sysbios_knl_Swi_Module__state__V                                  
20001a04  ti_sysbios_family_arm_m3_Hwi_Object__table__V                        
20001a1c  ti_sysbios_heaps_HeapMem_Object__table__V                            
20001a34  gpioPinConfigs                                                       
20001a44  ti_sysbios_family_arm_lm4_Timer_Module__state__V                     
20001a50  xdc_runtime_SysMin_Module__state__V                                  
20001a60  rpm                                                                  
20001a68  input_rpm                                                            
20001a6a  ti_sysbios_family_arm_m3_Hwi_Module_State_0_excActive__A             
20001a6c  _lock                                                                
20001a70  _unlock                                                              
20001a74  gpioCallbackFunctions                                                
20001a7c  ti_sysbios_family_arm_m3_Hwi_Module__root__V                         
20001a84  ti_sysbios_gates_GateHwi_Module__root__V                             
20001a8c  ti_sysbios_gates_GateMutex_Module__root__V                           
20001a94  ti_sysbios_heaps_HeapMem_Module__root__V                             
20001a9c  ti_sysbios_knl_Clock_Module__root__V                                 
20001aa4  ti_sysbios_knl_Queue_Module__root__V                                 
20001aac  ti_sysbios_knl_Semaphore_Module__root__V                             
20001ab4  ti_sysbios_knl_Task_Module__root__V                                  
20001abc  xdc_runtime_Registry_Module__state__V                                
20001ac4  xdc_runtime_Startup_Module__state__V                                 
20001acc  xdc_runtime_System_Module_State_0_atexitHandlers__A                  
20001ad4  xdc_runtime_System_Module__state__V                                  
20001ae2  xdc_runtime_Error_Module__state__V                                   
20001ae8  main_func_sp                                                         
20001af0  ti_sysbios_family_arm_m3_Hwi_Module_State_0_excContext__A            
20001af4  ti_sysbios_family_arm_m3_Hwi_Module_State_0_excStack__A              
20001af8  ti_sysbios_gates_GateHwi_Object__table__V                            
20001afc  ti_sysbios_knl_Task_Module_State_0_idleTask__A                       
20001b00  xdc_runtime_Memory_Module__state__V                                  
20001b08  __stack                                                              
20001e08  __STACK_END                                                          
e000e000  ti_sysbios_family_arm_m3_Hwi_nvic                                    
ffffffff  __TI_pprof_out_hndl                                                  
ffffffff  __TI_prof_data_size                                                  
ffffffff  __TI_prof_data_start                                                 
ffffffff  __binit__                                                            
ffffffff  __c_args__                                                           
ffffffff  binit                                                                
UNDEFED   MAP_SysCtlClockFreqSet                                               
UNDEFED   SHT$$INIT_ARRAY$$Base                                                
UNDEFED   SHT$$INIT_ARRAY$$Limit                                               

[641 symbols]
