******************************************************************************
                  TI ARM Linker PC v20.2.7                     
******************************************************************************
>> Linked Sun May 21 18:35:18 2023

OUTPUT FILE NAME:   <empty_min_EK_TM4C1294XL_TI.out>
ENTRY POINT SYMBOL: "_c_int00"  address: 000042d1


MEMORY CONFIGURATION

         name            origin    length      used     unused   attr    fill
----------------------  --------  ---------  --------  --------  ----  --------
  FLASH                 00000000   00100000  000089e1  000f761f  R  X
  SRAM                  20000000   00040000  0000199e  0003e662  RW X


SEGMENT ALLOCATION MAP

run origin  load origin   length   init length attrs members
----------  ----------- ---------- ----------- ----- -------
00000000    00000000    000089e8   000089e8    r-x
  00000000    00000000    0000003c   0000003c    r-- .resetVecs
  00000040    00000040    00006572   00006572    r-x .text
  000065b4    000065b4    0000223b   0000223b    r-- .const
  000087f0    000087f0    000001f8   000001f8    r-- .cinit
20000000    20000000    000019a0   00000000    rw-
  20000000    20000000    00000360   00000000    rw- .vecs
  20000360    20000360    00000f48   00000000    rw- .bss
  200012a8    200012a8    000003f6   00000000    rw- .data
  200016a0    200016a0    00000300   00000000    rw- .stack


SECTION ALLOCATION MAP

 output                                  attributes/
section   page    origin      length       input sections
--------  ----  ----------  ----------   ----------------
.text      0    00000040    00006572     
                  00000040    000006ac     MotorLib.lib : motorlib.obj (.text)
                  000006ec    00000004     driverlib.lib : uart.obj (.text:UARTIntClear)
                  000006f0    00000430     sysbios.aem4f : BIOS.obj (.text:ti_sysbios_family_arm_m3_Hwi_excDumpRegs__I)
                  00000b20    0000034c     ti.targets.arm.rtsarm.aem4f : System.oem4f (.text:xdc_runtime_System_doPrint__I)
                  00000e6c    0000020c     drivers_tivaware.aem4f : UARTTiva.oem4f (.text:UARTTiva_open)
                  00001078    00000204     Boot.aem4f : Boot_sysctl.oem4f (.text:ti_catalog_arm_cortexm4_tiva_ce_Boot_sysCtlClockFreqSetI__I)
                  0000127c    00000004     rtsv7M4_T_le_v4SPD16_eabi.lib : exit.c.obj (.text:abort:abort)
                  00001280    000001f4     sysbios.aem4f : BIOS.obj (.text:ti_sysbios_family_arm_m3_Hwi_excHandlerMax__I)
                  00001474    00000004     empty_min_pem4f.oem4f (.text:ti_sysbios_BIOS_RtsGateProxy_enter__E)
                  00001478    00000174     sysbios.aem4f : BIOS.obj (.text:ti_sysbios_family_arm_m3_Hwi_excBusFault__I)
                  000015ec    00000170     drivers_tivaware.aem4f : PWMTiva.oem4f (.text:PWMTiva_open)
                  0000175c    00000004     empty_min_pem4f.oem4f (.text:ti_sysbios_BIOS_RtsGateProxy_leave__E)
                  00001760    00000164     sysbios.aem4f : BIOS.obj (.text:ti_sysbios_family_arm_m3_Hwi_excUsageFault__I)
                  000018c4    00000004                   : BIOS.obj (.text:ti_sysbios_family_arm_lm4_Timer_masterEnable__I)
                  000018c8    00000154                   : BIOS.obj (.text:ti_sysbios_knl_Semaphore_pend__E)
                  00001a1c    00000150     drivers_tivaware.aem4f : GPIOTiva.oem4f (.text:GPIO_setConfig)
                  00001b6c    00000004     empty_min_pem4f.oem4f (.text:ti_sysbios_family_arm_m3_Hwi_destruct)
                  00001b70    00000148     sysbios.aem4f : BIOS.obj (.text:ti_sysbios_family_arm_m3_Hwi_excMemFault__I)
                  00001cb8    00000130     driverlib.lib : gpio.obj (.text:GPIOPadConfigSet)
                  00001de8    00000118     ti.targets.arm.rtsarm.aem4f : Error.oem4f (.text:xdc_runtime_Error_policyDefault__E)
                  00001f00    00000114     drivers_tivaware.aem4f : PWMTimerTiva.oem4f (.text:PWMTimerTiva_open)
                  00002014    00000004     empty_min_pem4f.oem4f (.text:ti_sysbios_family_arm_m3_TaskSupport_Module__startupDone__S)
                  00002018    00000108     sysbios.aem4f : BIOS.obj (.text:ti_sysbios_family_arm_lm4_Timer_start__E)
                  00002120    00000100     ti.targets.arm.rtsarm.aem4f : Core-mem.oem4f (.text:xdc_runtime_Core_createObject__I)
                  00002220    000000f8                                 : Startup.oem4f (.text:xdc_runtime_Startup_startMods__I)
                  00002318    000000f8     empty_min_pem4f.oem4f (.text:xdc_runtime_System_printfExtend__I)
                  00002410    000000f4     sysbios.aem4f : m3_Hwi_asm.obj (.text:ti_sysbios_family_arm_m3_Hwi_dispatch__I)
                  00002504    000000f0     drivers_tivaware.aem4f : PWMTiva.oem4f (.text:PWMTiva_setDuty)
                  000025f4    00000004     empty_min_pem4f.oem4f (.text:ti_sysbios_heaps_HeapMem_Module_GateProxy_enter__E)
                  000025f8    000000d4     sysbios.aem4f : BIOS.obj (.text:ti_sysbios_heaps_HeapMem_alloc__E)
                  000026cc    00000004     empty_min_pem4f.oem4f (.text:ti_sysbios_heaps_HeapMem_Module_GateProxy_leave__E)
                  000026d0    000000cc     sysbios.aem4f : BIOS.obj (.text:ti_sysbios_knl_Task_Instance_init__E)
                  0000279c    000000cc     ti.targets.arm.rtsarm.aem4f : Core-smem.oem4f (.text:xdc_runtime_Core_constructObject__I)
                  00002868    000000bc     sysbios.aem4f : BIOS.obj (.text:ti_sysbios_family_arm_m3_Hwi_excDebugMon__I)
                  00002924    00000004     empty_min_pem4f.oem4f (.text:ti_sysbios_knl_Clock_TimerProxy_getMaxTicks__E)
                  00002928    000000bc     sysbios.aem4f : BIOS.obj (.text:ti_sysbios_family_arm_m3_Hwi_excHardFault__I)
                  000029e4    00000004     empty_min_pem4f.oem4f (.text:ti_sysbios_knl_Clock_destruct)
                  000029e8    000000bc     sysbios.aem4f : BIOS.obj (.text:ti_sysbios_knl_Task_Instance_finalize__E)
                  00002aa4    000000b8     EK_TM4C1294XL.obj (.text:EK_TM4C1294XL_initGeneral)
                  00002b5c    000000b8     drivers_tivaware.aem4f : PWMTimerTiva.oem4f (.text:PWMTimerTiva_setDuty)
                  00002c14    000000ac                            : UARTTiva.oem4f (.text:readTaskBlocking)
                  00002cc0    000000ac     sysbios.aem4f : BIOS.obj (.text:ti_sysbios_family_arm_lm4_Timer_enableTiva__I)
                  00002d6c    000000a0     auto_init.aem4f : auto_init.oem4f (.text)
                  00002e0c    000000a0     ti.targets.arm.rtsarm.aem4f : Text.oem4f (.text:xdc_runtime_Text_putMod__E)
                  00002eac    0000009c     rtsv7M4_T_le_v4SPD16_eabi.lib : memcpy_t2.asm.obj (.text)
                  00002f48    0000009a     ti.targets.arm.rtsarm.aem4f : Text.oem4f (.text:xdc_runtime_Text_putSite__E)
                  00002fe2    00000098     drivers_tivaware.aem4f : UARTTiva.oem4f (.text:UARTTiva_readPolling)
                  0000307a    00000002     rtsv7M4_T_le_v4SPD16_eabi.lib : _lock.c.obj (.text:_nop)
                  0000307c    00000098     Boot.aem4f : Boot.oem4f (.text:ti_catalog_arm_cortexm4_tiva_ce_Boot_sysCtlClockFreqSet__E)
                  00003114    00000094     drivers_tivaware.aem4f : UARTTiva.oem4f (.text:UARTTiva_write)
                  000031a8    00000094     sysbios.aem4f : BIOS.obj (.text:ti_sysbios_family_arm_m3_Hwi_Instance_init__E)
                  0000323c    00000004     empty_min_pem4f.oem4f (.text:ti_sysbios_knl_Queue_destruct)
                  00003240    00000094     sysbios.aem4f : BIOS.obj (.text:ti_sysbios_family_arm_m3_Hwi_initNVIC__E)
                  000032d4    00000004     empty_min_pem4f.oem4f (.text:ti_sysbios_knl_Semaphore_destruct)
                  000032d8    00000094     sysbios.aem4f : BIOS.obj (.text:ti_sysbios_knl_Task_postInit__I)
                  0000336c    00000090     empty_min.obj (.text:motor_SetRPM)
                  000033fc    0000008c     drivers_tivaware.aem4f : GPIOTiva.oem4f (.text:GPIO_init)
                  00003488    0000008c                            : UARTTiva.oem4f (.text:UARTTiva_control)
                  00003514    0000008c     sysbios.aem4f : m3_TaskSupport_asm.obj (.text:ti_sysbios_family_arm_m3_TaskSupport_buildTaskStack)
                  000035a0    0000008a     drivers_tivaware.aem4f : UARTTiva.oem4f (.text:readIsrTextBlocking)
                  0000362a    00000002     rtsv7M4_T_le_v4SPD16_eabi.lib : div0.asm.obj (.text)
                  0000362c    00000088     drivers_tivaware.aem4f : PWMTiva.oem4f (.text:PWMTiva_control)
                  000036b4    00000004     ti.targets.arm.rtsarm.aem4f : Error.oem4f (.text:xdc_runtime_Error_getSite__E)
                  000036b8    00000084     sysbios.aem4f : BIOS.obj (.text:ti_sysbios_family_arm_m3_Hwi_postInit__I)
                  0000373c    00000082     drivers_tivaware.aem4f : UARTTiva.oem4f (.text:readIsrTextCallback)
                  000037be    00000002     empty_min_pem4f.oem4f (.text:ti_sysbios_BIOS_nullFunc__I)
                  000037c0    0000007c     sysbios.aem4f : BIOS.obj (.text:ti_sysbios_heaps_HeapMem_free__E)
                  0000383c    0000007a     drivers_tivaware.aem4f : UARTTiva.oem4f (.text:readTaskCallback)
                  000038b6    0000007a     rtsv7M4_T_le_v4SPD16_eabi.lib : memset_t2.asm.obj (.text)
                  00003930    00000070     sysbios.aem4f : BIOS.obj (.text:ti_sysbios_knl_Clock_workFunc__E)
                  000039a0    00000070                   : BIOS.obj (.text:ti_sysbios_knl_Task_exit__E)
                  00003a10    0000006d     ti.targets.arm.rtsarm.aem4f : System.oem4f (.text:xdc_runtime_System_formatNum__I)
                  00003a7d    00000001     --HOLE-- [fill = 0]
                  00003a7e    00000002     empty_min_pem4f.oem4f (.text:xdc_runtime_Startup_reset__I)
                  00003a80    0000006c     drivers_tivaware.aem4f : PWMTimerTiva.oem4f (.text:PWMTimerTiva_control)
                  00003aec    00000004     empty_min_pem4f.oem4f (.text:xdc_runtime_System_Module_GateProxy_enter__E)
                  00003af0    0000006c     sysbios.aem4f : BIOS.obj (.text:ti_sysbios_knl_Swi_restoreHwi__E)
                  00003b5c    0000006c     drivers_tivaware.aem4f : UARTTiva.oem4f (.text:writeData)
                  00003bc8    0000006c     ti.targets.arm.rtsarm.aem4f : Error.oem4f (.text:xdc_runtime_Error_print__E)
                  00003c34    0000006c                                 : Memory.oem4f (.text:xdc_runtime_Memory_alloc__E)
                  00003ca0    0000006a     drivers_tivaware.aem4f : PWMTiva.oem4f (.text:PWMTiva_close)
                  00003d0a    00000068     rtsv7M4_T_le_v4SPD16_eabi.lib : copy_decompress_lzss.c.obj (.text:decompress:lzss:__TI_decompress_lzss)
                  00003d72    00000066     ti.targets.arm.rtsarm.aem4f : Core-mem.oem4f (.text:xdc_runtime_Core_deleteObject__I)
                  00003dd8    00000064     drivers_tivaware.aem4f : GPIOTiva.oem4f (.text:GPIO_hwiIntFxn)
                  00003e3c    00000064     empty_min.obj (.text:main)
                  00003ea0    00000064     sysbios.aem4f : BIOS.obj (.text:ti_sysbios_family_arm_lm4_Timer_Module_startup__E)
                  00003f04    00000064     empty_min_pem4f.oem4f (.text:ti_sysbios_family_arm_m3_Hwi_create)
                  00003f68    00000064     sysbios.aem4f : BIOS.obj (.text:ti_sysbios_family_arm_m3_Hwi_dispatchC__I)
                  00003fcc    00000004     empty_min_pem4f.oem4f (.text:xdc_runtime_System_Module_GateProxy_leave__E)
                  00003fd0    00000064     sysbios.aem4f : BIOS.obj (.text:ti_sysbios_knl_Semaphore_post__E)
                  00004034    00000060     driverlib.lib : timer.obj (.text:TimerConfigure)
                  00004094    0000005e     drivers_tivaware.aem4f : UARTTiva.oem4f (.text:readIsrBinaryBlocking)
                  000040f2    00000006     driverlib.lib : gpio.obj (.text:GPIOIntClear)
                  000040f8    0000005c     sysbios.aem4f : BIOS.obj (.text:ti_sysbios_knl_Swi_run__I)
                  00004154    00000004     ti.targets.arm.rtsarm.aem4f : System.oem4f (.text:xdc_runtime_System_aprintf_va__F)
                  00004158    0000005c     sysbios.aem4f : BIOS.obj (.text:ti_sysbios_knl_Swi_schedule__I)
                  000041b4    00000004     ti.targets.arm.rtsarm.aem4f : System.oem4f (.text:xdc_runtime_System_printf_va__F)
                  000041b8    0000005c     sysbios.aem4f : BIOS.obj (.text:ti_sysbios_knl_Task_Module_startup__E)
                  00004214    00000004     --HOLE-- [fill = 0]
                  00004218    0000005c                   : BIOS.obj (.text:ti_sysbios_knl_Task_startCore__E)
                  00004274    0000005b     ti.targets.arm.rtsarm.aem4f : Text.oem4f (.text:xdc_runtime_Text_putLab__E)
                  000042cf    00000001     --HOLE-- [fill = 0]
                  000042d0    00000058     boot.aem4f : boot.oem4f (.text)
                  00004328    00000058     rtsv7M4_T_le_v4SPD16_eabi.lib : hostwrite.c.obj (.text:HOSTwrite)
                  00004380    00000058     empty_min_pem4f.oem4f (.text:ti_sysbios_family_arm_m3_Hwi_construct)
                  000043d8    00000058     sysbios.aem4f : m3_Hwi_asm_switch.obj (.text:ti_sysbios_family_arm_m3_Hwi_initStacks__E)
                  00004430    00000056     driverlib.lib : gpio.obj (.text:GPIOIntTypeSet)
                  00004486    00000054     drivers_tivaware.aem4f : UARTTiva.oem4f (.text:readIsrBinaryCallback)
                  000044da    00000006     driverlib.lib : gpio.obj (.text:GPIOPinRead)
                  000044e0    00000054     sysbios.aem4f : BIOS.obj (.text:ti_sysbios_family_arm_lm4_Timer_initDevice__I)
                  00004534    00000054     empty_min_pem4f.oem4f (.text:ti_sysbios_knl_Task_construct)
                  00004588    00000054     ti.targets.arm.rtsarm.aem4f : Assert.oem4f (.text:xdc_runtime_Assert_raise__I)
                  000045dc    00000050     drivers_tivaware.aem4f : GPIOTiva.oem4f (.text:GPIO_setCallback)
                  0000462c    00000050                            : GPIOTiva.oem4f (.text:GPIO_write)
                  0000467c    00000050                            : UARTTiva.oem4f (.text:UARTTiva_writeCancel)
                  000046cc    00000050     Boot.aem4f : Boot_sysctl.oem4f (.text:_SysCtlFrequencyGet)
                  0000471c    00000004     --HOLE-- [fill = 0]
                  00004720    00000050     sysbios.aem4f : BIOS.obj (.text:ti_sysbios_family_arm_m3_Hwi_Module_startup__E)
                  00004770    00000050                   : BIOS.obj (.text:ti_sysbios_knl_Clock_Instance_init__E)
                  000047c0    00000050     ti.targets.arm.rtsarm.aem4f : Startup.oem4f (.text:xdc_runtime_Startup_exec__E)
                  00004810    00000050                                 : Text.oem4f (.text:xdc_runtime_Text_visitRope2__I)
                  00004860    0000004c     drivers_tivaware.aem4f : UARTTiva.oem4f (.text:UARTTiva_close)
                  000048ac    0000004c     rtsv7M4_T_le_v4SPD16_eabi.lib : cpy_tbl.c.obj (.text:copy_in)
                  000048f8    0000004c     sysbios.aem4f : BIOS.obj (.text:ti_sysbios_family_arm_lm4_Timer_setAvailMask__E)
                  00004944    00000004     --HOLE-- [fill = 0]
                  00004948    0000004c                   : BIOS.obj (.text:ti_sysbios_heaps_HeapMem_getStats__E)
                  00004994    00000004     --HOLE-- [fill = 0]
                  00004998    0000004c                   : BIOS.obj (.text:ti_sysbios_knl_Swi_runLoop__I)
                  000049e4    00000004     --HOLE-- [fill = 0]
                  000049e8    0000004c                   : BIOS.obj (.text:ti_sysbios_knl_Task_allBlockedFunction__I)
                  00004a34    00000004     --HOLE-- [fill = 0]
                  00004a38    0000004c                   : BIOS.obj (.text:ti_sysbios_knl_Task_schedule__I)
                  00004a84    0000004a     drivers_tivaware.aem4f : PWMTimerTiva.oem4f (.text:PWMTimerTiva_close)
                  00004ace    00000002     --HOLE-- [fill = 0]
                  00004ad0    00000048     driverlib.lib : gpio.obj (.text:GPIOPinConfigure)
                  00004b18    00000048     sysbios.aem4f : BIOS.obj (.text:ti_sysbios_family_arm_lm4_Timer_enableTimers__I)
                  00004b60    00000048                   : BIOS.obj (.text:ti_sysbios_family_arm_m3_Hwi_disableInterrupt__E)
                  00004ba8    00000048                   : BIOS.obj (.text:ti_sysbios_family_arm_m3_Hwi_enableInterrupt__E)
                  00004bf0    00000048                   : BIOS.obj (.text:ti_sysbios_family_arm_m3_Hwi_excReserved__I)
                  00004c38    00000046     drivers_tivaware.aem4f : RingBuf.oem4f (.text:RingBuf_put)
                  00004c7e    00000046     ti.targets.arm.rtsarm.aem4f : Core-params.oem4f (.text:xdc_runtime_Core_assignParams__I)
                  00004cc4    00000004     --HOLE-- [fill = 0]
                  00004cc8    00000044     sysbios.aem4f : BIOS.obj (.text:ti_sysbios_family_arm_lm4_Timer_isrStub__E)
                  00004d0c    00000004     --HOLE-- [fill = 0]
                  00004d10    00000044                   : BIOS.obj (.text:ti_sysbios_family_arm_m3_Hwi_getStackInfo__E)
                  00004d54    00000004     --HOLE-- [fill = 0]
                  00004d58    00000044                   : BIOS.obj (.text:ti_sysbios_knl_Swi_post__E)
                  00004d9c    00000044     ti.targets.arm.rtsarm.aem4f : Error.oem4f (.text:xdc_runtime_Error_setX__E)
                  00004de0    00000044                                 : SysMin.oem4f (.text:xdc_runtime_SysMin_flush__E)
                  00004e24    00000044                                 : Text.oem4f (.text:xdc_runtime_Text_xprintf__I)
                  00004e68    00000042     driverlib.lib : uart.obj (.text:UARTConfigSetExpClk)
                  00004eaa    00000042     drivers_tivaware.aem4f : UARTTiva.oem4f (.text:UARTTiva_hwiIntFxn)
                  00004eec    00000042                            : UARTTiva.oem4f (.text:UARTTiva_writePolling)
                  00004f2e    00000040                            : RingBuf.oem4f (.text:RingBuf_get)
                  00004f6e    00000040                            : UARTTiva.oem4f (.text:UARTTiva_read)
                  00004fae    00000040     rtsv7M4_T_le_v4SPD16_eabi.lib : u_divt2.asm.obj (.text)
                  00004fee    00000002     --HOLE-- [fill = 0]
                  00004ff0    00000040     sysbios.aem4f : BIOS.obj (.text:ti_sysbios_family_arm_lm4_Timer_startup__E)
                  00005030    00000040                   : BIOS.obj (.text:ti_sysbios_heaps_HeapMem_Instance_init__E)
                  00005070    0000003c                   : BIOS.obj (.text:ti_sysbios_family_arm_m3_Hwi_excSvCall__I)
                  000050ac    00000004     --HOLE-- [fill = 0]
                  000050b0    0000003c                   : BIOS.obj (.text:ti_sysbios_heaps_HeapMem_init__I)
                  000050ec    00000004     --HOLE-- [fill = 0]
                  000050f0    0000003c                   : BIOS.obj (.text:ti_sysbios_knl_Swi_restore__E)
                  0000512c    00000038     drivers_tivaware.aem4f : PWM.oem4f (.text:PWM_init)
                  00005164    00000038     driverlib.lib : sysctl.obj (.text:SysCtlPeripheralReady)
                  0000519c    00000038     drivers_tivaware.aem4f : UART.oem4f (.text:UART_init)
                  000051d4    00000038     rtsv7M4_T_le_v4SPD16_eabi.lib : trgmsg.c.obj (.text:__TI_writemsg)
                  0000520c    00000004     --HOLE-- [fill = 0]
                  00005210    00000038     sysbios.aem4f : BIOS.obj (.text:ti_sysbios_family_arm_m3_Hwi_excNoIsr__I)
                  00005248    00000038                   : BIOS.obj (.text:ti_sysbios_knl_Task_processVitalTaskFlag__I)
                  00005280    00000038     ti.targets.arm.rtsarm.aem4f : SysMin.oem4f (.text:xdc_runtime_SysMin_putch__E)
                  000052b8    00000038                                 : System.oem4f (.text:xdc_runtime_System_atexit__E)
                  000052f0    00000036     drivers_tivaware.aem4f : UARTTiva.oem4f (.text:UARTTiva_readCancel)
                  00005326    00000002     --HOLE-- [fill = 0]
                  00005328    00000034     driverlib.lib : sysctl.obj (.text:SysCtlPeripheralEnable)
                  0000535c    00000034     rtsv7M4_T_le_v4SPD16_eabi.lib : trgmsg.c.obj (.text:__TI_readmsg)
                  00005390    00000034     sysbios.aem4f : BIOS.obj (.text:ti_sysbios_family_arm_m3_Hwi_Instance_finalize__E)
                  000053c4    00000004     --HOLE-- [fill = 0]
                  000053c8    00000034                   : BIOS.obj (.text:ti_sysbios_family_arm_m3_Hwi_excNmi__I)
                  000053fc    00000034     empty_min_pem4f.oem4f (.text:ti_sysbios_knl_Clock_construct)
                  00005430    00000034     ti.targets.arm.rtsarm.aem4f : Core-label.oem4f (.text:xdc_runtime_Core_assignLabel__I)
                  00005464    00000033                                 : Text.oem4f (.text:xdc_runtime_Text_printVisFxn__I)
                  00005497    00000001     --HOLE-- [fill = 0]
                  00005498    00000032     sysbios.aem4f : BIOS.obj (.text:ti_sysbios_hal_Hwi_initStack)
                  000054ca    00000002     --HOLE-- [fill = 0]
                  000054cc    00000030     drivers_tivaware.aem4f : PWMTiva.oem4f (.text:PWMTiva_init)
                  000054fc    00000030                            : PWM.oem4f (.text:PWM_open)
                  0000552c    00000030     empty_min_pem4f.oem4f (.text:ti_sysbios_BIOS_atExitFunc__I)
                  0000555c    00000004     --HOLE-- [fill = 0]
                  00005560    00000030     sysbios.aem4f : BIOS.obj (.text:ti_sysbios_family_arm_lm4_Timer_stop__E)
                  00005590    00000030                   : BIOS.obj (.text:ti_sysbios_family_arm_m3_TaskSupport_start__E)
                  000055c0    00000030     empty_min_pem4f.oem4f (.text:ti_sysbios_gates_GateHwi_Object__create__S)
                  000055f0    00000030     empty_min_pem4f.oem4f (.text:ti_sysbios_gates_GateMutex_Object__create__S)
                  00005620    00000030     sysbios.aem4f : BIOS.obj (.text:ti_sysbios_gates_GateMutex_enter__E)
                  00005650    00000030     empty_min_pem4f.oem4f (.text:ti_sysbios_heaps_HeapMem_Object__create__S)
                  00005680    00000030     empty_min_pem4f.oem4f (.text:ti_sysbios_knl_Semaphore_construct)
                  000056b0    00000030     sysbios.aem4f : BIOS.obj (.text:ti_sysbios_knl_Semaphore_pendTimeout__I)
                  000056e0    00000030                   : BIOS.obj (.text:ti_sysbios_knl_Task_unblockI__E)
                  00005710    00000030     ti.targets.arm.rtsarm.aem4f : SysMin.oem4f (.text:xdc_runtime_SysMin_abort__E)
                  00005740    00000030                                 : System.oem4f (.text:xdc_runtime_System_processAtExit__E)
                  00005770    0000002c     EK_TM4C1294XL.obj (.text:EK_TM4C1294XL_initUART)
                  0000579c    0000002c     empty_min_pem4f.oem4f (.text:ti_sysbios_knl_Clock_doTick__I)
                  000057c8    0000002c     empty_min_pem4f.oem4f (.text:ti_sysbios_knl_Queue_construct)
                  000057f4    00000004     --HOLE-- [fill = 0]
                  000057f8    0000002c     sysbios.aem4f : BIOS.obj (.text:ti_sysbios_knl_Task_restore__E)
                  00005824    0000002c     ti.targets.arm.rtsarm.aem4f : Text.oem4f (.text:xdc_runtime_Text_cordText__E)
                  00005850    0000002a     driverlib.lib : gpio.obj (.text:GPIODirModeSet)
                  0000587a    0000002a     ti.targets.arm.rtsarm.aem4f : System.oem4f (.text:xdc_runtime_System_putchar__I)
                  000058a4    00000004     --HOLE-- [fill = 0]
                  000058a8    00000028     sysbios.aem4f : BIOS.obj (.text:ti_sysbios_knl_Swi_Module_startup__E)
                  000058d0    00000026                   : m3_Hwi_asm.obj (.text:ti_sysbios_family_arm_m3_Hwi_pendSV__I)
                  000058f6    00000026     ti.targets.arm.rtsarm.aem4f : System.oem4f (.text:xdc_runtime_System_avprintf__E)
                  0000591c    00000024     empty_min_pem4f.oem4f (.text:ti_sysbios_BIOS_errorRaiseHook__I)
                  00005940    00000024     empty_min_pem4f.oem4f (.text:ti_sysbios_BIOS_registerRTSLock__I)
                  00005964    00000024     empty_min_pem4f.oem4f (.text:ti_sysbios_BIOS_removeRTSLock__I)
                  00005988    00000024     empty_min_pem4f.oem4f (.text:ti_sysbios_BIOS_startFunc__I)
                  000059ac    00000024     empty_min_pem4f.oem4f (.text:ti_sysbios_gates_GateMutex_Object__delete__S)
                  000059d0    00000024     sysbios.aem4f : BIOS.obj (.text:ti_sysbios_knl_Clock_Module_startup__E)
                  000059f4    00000004     --HOLE-- [fill = 0]
                  000059f8    00000024                   : BIOS.obj (.text:ti_sysbios_knl_Clock_start__E)
                  00005a1c    00000004     --HOLE-- [fill = 0]
                  00005a20    00000024                   : BIOS.obj (.text:ti_sysbios_knl_Semaphore_Instance_init__E)
                  00005a44    00000004     --HOLE-- [fill = 0]
                  00005a48    00000024                   : BIOS.obj (.text:ti_sysbios_knl_Task_restoreHwi__E)
                  00005a6c    00000024     ti.targets.arm.rtsarm.aem4f : System.oem4f (.text:xdc_runtime_System_vprintf__E)
                  00005a90    00000022     driverlib.lib : pwm.obj (.text:PWMGenConfigure)
                  00005ab2    00000022     drivers_tivaware.aem4f : PWMTiva.oem4f (.text:PWMTiva_getPeriodCounts)
                  00005ad4    00000004     --HOLE-- [fill = 0]
                  00005ad8    00000022     sysbios.aem4f : BIOS.obj (.text:ti_sysbios_family_arm_lm4_Timer_write__I)
                  00005afa    00000022     empty_min_pem4f.oem4f (.text:xdc_runtime_SysMin_output__I)
                  00005b1c    00000020     Boot.aem4f : Boot_sysctl.oem4f (.text:_SysCtlMemTimingGet)
                  00005b3c    00000020     empty_min_pem4f.oem4f (.text:ti_sysbios_BIOS_rtsLock__I)
                  00005b5c    00000020     sysbios.aem4f : m3_Hwi_asm.obj (.text:ti_sysbios_family_arm_m3_Hwi_excHandlerAsm__I)
                  00005b7c    00000004     --HOLE-- [fill = 0]
                  00005b80    00000020                   : BIOS.obj (.text:ti_sysbios_family_arm_m3_Hwi_excHandler__I)
                  00005ba0    00000020     empty_min_pem4f.oem4f (.text:ti_sysbios_gates_GateHwi_Object__delete__S)
                  00005bc0    00000020     empty_min_pem4f.oem4f (.text:ti_sysbios_heaps_HeapMem_Object__delete__S)
                  00005be0    00000020     empty_min_pem4f.oem4f (.text:ti_sysbios_knl_Clock_Object__destruct__S)
                  00005c00    00000020     sysbios.aem4f : BIOS.obj (.text:ti_sysbios_knl_Idle_run__E)
                  00005c20    00000020     empty_min_pem4f.oem4f (.text:ti_sysbios_knl_Semaphore_Object__destruct__S)
                  00005c40    00000020     ti.targets.arm.rtsarm.aem4f : Registry.oem4f (.text:xdc_runtime_Registry_findById__E)
                  00005c60    00000020                                 : SysMin.oem4f (.text:xdc_runtime_SysMin_Module_startup__E)
                  00005c80    0000001e     driverlib.lib : pwm.obj (.text:PWMPulseWidthSet)
                  00005c9e    0000001e     drivers_tivaware.aem4f : PWMTiva.oem4f (.text:PWMTiva_getPeriodMicroSecs)
                  00005cbc    0000001e     sysbios.aem4f : m3_Hwi_asm_switch.obj (.text:ti_sysbios_family_xxx_Hwi_switchAndRunFunc)
                  00005cda    00000002     --HOLE-- [fill = 0]
                  00005cdc    0000001c     driverlib.lib : uart.obj (.text:UARTDisable)
                  00005cf8    0000001c     drivers_tivaware.aem4f : GPIOTiva.oem4f (.text:getGpioIntIndex)
                  00005d14    0000001c     empty_min_pem4f.oem4f (.text:ti_sysbios_family_arm_m3_Hwi_Object__destruct__S)
                  00005d30    0000001c     sysbios.aem4f : BIOS.obj (.text:ti_sysbios_gates_GateMutex_Instance_init__E)
                  00005d4c    00000004     --HOLE-- [fill = 0]
                  00005d50    0000001c                   : BIOS.obj (.text:ti_sysbios_knl_Clock_Instance_finalize__E)
                  00005d6c    0000001c     empty_min_pem4f.oem4f (.text:ti_sysbios_knl_Queue_Object__destruct__S)
                  00005d88    0000001c     sysbios.aem4f : BIOS.obj (.text:ti_sysbios_knl_Queue_put__E)
                  00005da4    00000004     --HOLE-- [fill = 0]
                  00005da8    0000001c                   : BIOS.obj (.text:ti_sysbios_knl_Task_enter__I)
                  00005dc4    0000001c     ti.targets.arm.rtsarm.aem4f : Error.oem4f (.text:xdc_runtime_Error_raiseX__E)
                  00005de0    0000001c                                 : Memory.oem4f (.text:xdc_runtime_Memory_valloc__E)
                  00005dfc    0000001c                                 : SysMin.oem4f (.text:xdc_runtime_SysMin_exit__E)
                  00005e18    0000001c                                 : System.oem4f (.text:xdc_runtime_System_abort__E)
                  00005e34    0000001a     empty_min_pem4f.oem4f (.text:ti_sysbios_family_arm_m3_Hwi_Handle__label__S)
                  00005e4e    0000001a     empty_min_pem4f.oem4f (.text:ti_sysbios_gates_GateHwi_Handle__label__S)
                  00005e68    0000001a     empty_min_pem4f.oem4f (.text:ti_sysbios_gates_GateMutex_Handle__label__S)
                  00005e82    0000001a     empty_min_pem4f.oem4f (.text:ti_sysbios_heaps_HeapMem_Handle__label__S)
                  00005e9c    0000001a     empty_min_pem4f.oem4f (.text:ti_sysbios_knl_Swi_Handle__label__S)
                  00005eb6    0000001a     empty_min_pem4f.oem4f (.text:ti_sysbios_knl_Task_Handle__label__S)
                  00005ed0    0000001a     empty_min_pem4f.oem4f (.text:xdc_runtime_System_aprintf__E)
                  00005eea    0000001a     empty_min_pem4f.oem4f (.text:xdc_runtime_System_printf__E)
                  00005f04    00000018     driverlib.lib : gpio.obj (.text:GPIOPinTypeGPIOOutput)
                  00005f1c    00000018                   : timer.obj (.text:TimerControlLevel)
                  00005f34    00000018     rtsv7M4_T_le_v4SPD16_eabi.lib : args_main.c.obj (.text:_args_main)
                  00005f4c    00000018     empty_min_pem4f.oem4f (.text:ti_sysbios_BIOS_rtsUnlock__I)
                  00005f64    00000018     empty_min_pem4f.oem4f (.text:ti_sysbios_family_arm_lm4_Timer_Module__startupDone__F)
                  00005f7c    00000018     empty_min_pem4f.oem4f (.text:ti_sysbios_family_arm_m3_Hwi_Module__startupDone__F)
                  00005f94    00000018     sysbios.aem4f : m3_TaskSupport_asm.obj (.text:ti_sysbios_family_arm_m3_TaskSupport_swap__E)
                  00005fac    00000004     --HOLE-- [fill = 0]
                  00005fb0    00000018                   : BIOS.obj (.text:ti_sysbios_gates_GateMutex_leave__E)
                  00005fc8    00000018     ti.targets.arm.rtsarm.aem4f : Error.oem4f (.text:xdc_runtime_Error_check__E)
                  00005fe0    00000018                                 : System.oem4f (.text:xdc_runtime_System_exit__E)
                  00005ff8    00000018                                 : Text.oem4f (.text:xdc_runtime_Text_ropeText__E)
                  00006010    00000016     empty_min.obj (.text:heartBeatFxn)
                  00006026    00000016     empty_min_pem4f.oem4f (.text:ti_sysbios_BIOS_exitFunc__I)
                  0000603c    00000016     empty_min.obj (.text:ti_sysbios_knl_Task_Params_init)
                  00006052    00000002     --HOLE-- [fill = 0]
                  00006054    00000014     driverlib.lib : pwm.obj (.text:PWMClockSet)
                  00006068    00000014                   : sysctl.obj (.text:SysCtlPWMClockSet)
                  0000607c    00000014                   : timer.obj (.text:TimerDisable)
                  00006090    00000014                   : uart.obj (.text:UARTEnable)
                  000060a4    00000014     rtsv7M4_T_le_v4SPD16_eabi.lib : strlen.c.obj (.text:strlen)
                  000060b8    00000014     empty_min_pem4f.oem4f (.text:ti_sysbios_family_arm_m3_Hwi_Object__get__S)
                  000060cc    00000004     --HOLE-- [fill = 0]
                  000060d0    00000014     sysbios.aem4f : BIOS.obj (.text:ti_sysbios_family_arm_m3_Hwi_switchFromBootStack__E)
                  000060e4    00000014     empty_min_pem4f.oem4f (.text:ti_sysbios_heaps_HeapMem_Object__get__S)
                  000060f8    00000014     empty_min_pem4f.oem4f (.text:ti_sysbios_knl_Swi_Object__get__S)
                  0000610c    00000012     driverlib.lib : gpio.obj (.text:GPIOPinTypeGPIOInput)
                  0000611e    00000012                   : gpio.obj (.text:GPIOPinTypePWM)
                  00006130    00000012                   : gpio.obj (.text:GPIOPinTypeTimer)
                  00006142    00000012                   : gpio.obj (.text:GPIOPinTypeUART)
                  00006154    00000012                   : pwm.obj (.text:PWMGenPeriodGet)
                  00006166    00000012                   : pwm.obj (.text:PWMOutputInvert)
                  00006178    00000012                   : pwm.obj (.text:PWMOutputState)
                  0000618a    00000012     drivers_tivaware.aem4f : RingBuf.oem4f (.text:RingBuf_construct)
                  0000619c    00000012     driverlib.lib : timer.obj (.text:TimerLoadSet)
                  000061ae    00000012                   : timer.obj (.text:TimerMatchSet)
                  000061c0    00000012                   : timer.obj (.text:TimerPrescaleMatchSet)
                  000061d2    00000012                   : timer.obj (.text:TimerPrescaleSet)
                  000061e4    00000004     --HOLE-- [fill = 0]
                  000061e8    00000012     sysbios.aem4f : BIOS.obj (.text:ti_sysbios_hal_Hwi_Module_startup__E)
                  000061fa    00000012     empty_min_pem4f.oem4f (.text:xdc_runtime_Startup_exec__I)
                  0000620c    00000010     empty_min_pem4f.oem4f (.text:.bootCodeSection:ti_catalog_arm_cortexm4_tiva_ce_Boot_init__I)
                  0000621c    00000010     driverlib.lib : pwm.obj (.text:PWMGenPeriodSet)
                  0000622c    00000010     drivers_tivaware.aem4f : PWM.oem4f (.text:PWM_Params_init)
                  0000623c    00000010                            : UARTTiva.oem4f (.text:readBlockingTimeout)
                  0000624c    00000004     --HOLE-- [fill = 0]
                  00006250    00000010     sysbios.aem4f : BIOS.obj (.text:ti_sysbios_BIOS_getCpuFreq__E)
                  00006260    00000010                   : BIOS.obj (.text:ti_sysbios_BIOS_setThreadType__E)
                  00006270    00000010                   : BIOS.obj (.text:ti_sysbios_BIOS_start__E)
                  00006280    00000010                   : m3_TaskSupport_asm.obj (.text:ti_sysbios_family_arm_m3_TaskSupport_glue)
                  00006290    00000010                   : BIOS.obj (.text:ti_sysbios_gates_GateMutex_Instance_finalize__E)
                  000062a0    00000010                   : BIOS.obj (.text:ti_sysbios_knl_Semaphore_Instance_finalize__E)
                  000062b0    00000010                   : BIOS.obj (.text:ti_sysbios_knl_Swi_disable__E)
                  000062c0    00000010                   : BIOS.obj (.text:ti_sysbios_knl_Task_disable__E)
                  000062d0    00000010     ti.targets.arm.rtsarm.aem4f : Gate.oem4f (.text:xdc_runtime_Gate_leaveSystem__E)
                  000062e0    00000010                                 : Memory.oem4f (.text:xdc_runtime_Memory_free__E)
                  000062f0    00000010                                 : SysMin.oem4f (.text:xdc_runtime_SysMin_ready__E)
                  00006300    00000010                                 : System.oem4f (.text:xdc_runtime_System_vsnprintf__E)
                  00006310    00000010     empty_min_pem4f.oem4f (.text:xdc_runtime_Text_visitRope__I)
                  00006320    0000000e     driverlib.lib : gpio.obj (.text:GPIOIntStatus)
                  0000632e    0000000e                   : timer.obj (.text:TimerEnable)
                  0000633c    0000000e                   : uart.obj (.text:UARTCharGetNonBlocking)
                  0000634a    0000000e                   : uart.obj (.text:UARTCharPutNonBlocking)
                  00006358    0000000e     rtsv7M4_T_le_v4SPD16_eabi.lib : copy_decompress_none.c.obj (.text:decompress:none:__TI_decompress_none)
                  00006366    00000002     --HOLE-- [fill = 0]
                  00006368    0000000e     sysbios.aem4f : BIOS.obj (.text:ti_sysbios_knl_Queue_empty__E)
                  00006376    0000000e     empty_min_pem4f.oem4f (.text:ti_sysbios_knl_Task_Object__get__S)
                  00006384    0000000c     driverlib.lib : pwm.obj (.text:PWMGenDisable)
                  00006390    0000000c                   : pwm.obj (.text:PWMGenEnable)
                  0000639c    0000000c     drivers_tivaware.aem4f : RingBuf.oem4f (.text:RingBuf_peek)
                  000063a8    0000000c     driverlib.lib : uart.obj (.text:UARTFlowControlSet)
                  000063b4    0000000c     drivers_tivaware.aem4f : UARTTiva.oem4f (.text:UARTTiva_init)
                  000063c0    0000000c     rtsv7M4_T_le_v4SPD16_eabi.lib : _lock.c.obj (.text:_register_lock)
                  000063cc    0000000c                                   : _lock.c.obj (.text:_register_unlock)
                  000063d8    0000000c                                   : copy_zero_init.c.obj (.text:decompress:ZI:__TI_zero_init)
                  000063e4    00000004     --HOLE-- [fill = 0]
                  000063e8    0000000c     sysbios.aem4f : BIOS.obj (.text:ti_sysbios_family_arm_lm4_Timer_getAvailMask__E)
                  000063f4    00000004     --HOLE-- [fill = 0]
                  000063f8    0000000c                   : BIOS.obj (.text:ti_sysbios_family_arm_lm4_Timer_getMaxTicks__E)
                  00006404    0000000c     empty_min_pem4f.oem4f (.text:ti_sysbios_family_arm_m3_Hwi_Params__init__S)
                  00006410    0000000c     sysbios.aem4f : BIOS.obj (.text:ti_sysbios_family_arm_m3_Hwi_disableFxn__E)
                  0000641c    00000004     --HOLE-- [fill = 0]
                  00006420    0000000c                   : BIOS.obj (.text:ti_sysbios_family_arm_m3_TaskSupport_getStackAlignment__E)
                  0000642c    00000004     --HOLE-- [fill = 0]
                  00006430    0000000c                   : BIOS.obj (.text:ti_sysbios_gates_GateHwi_enter__E)
                  0000643c    0000000c     empty_min_pem4f.oem4f (.text:ti_sysbios_knl_Clock_Params__init__S)
                  00006448    0000000c     empty_min_pem4f.oem4f (.text:ti_sysbios_knl_Queue_Object__get__S)
                  00006454    0000000c     empty_min_pem4f.oem4f (.text:ti_sysbios_knl_Semaphore_Params__init__S)
                  00006460    0000000c     empty_min_pem4f.oem4f (.text:ti_sysbios_knl_Task_Params__init__S)
                  0000646c    0000000c     ti.targets.arm.rtsarm.aem4f : Error.oem4f (.text:xdc_runtime_Error_init__E)
                  00006478    0000000c                                 : Gate.oem4f (.text:xdc_runtime_Gate_enterSystem__E)
                  00006484    0000000c                                 : Memory.oem4f (.text:xdc_runtime_Memory_calloc__E)
                  00006490    0000000c                                 : Memory.oem4f (.text:xdc_runtime_Memory_getMaxDefaultTypeAlign__E)
                  0000649c    0000000a     drivers_tivaware.aem4f : PWMTimerTiva.oem4f (.text:PWMTimerTiva_getPeriodCounts)
                  000064a6    0000000a                            : PWM.oem4f (.text:PWM_setDuty)
                  000064b0    0000000a     driverlib.lib : uart.obj (.text:UARTCharGet)
                  000064ba    0000000a                   : uart.obj (.text:UARTCharPut)
                  000064c4    0000000a                   : uart.obj (.text:UARTIntDisable)
                  000064ce    0000000a                   : uart.obj (.text:UARTIntStatus)
                  000064d8    0000000a     empty_min_pem4f.oem4f (.text:xdc_runtime_IHeap_alloc)
                  000064e2    0000000a     empty_min_pem4f.oem4f (.text:xdc_runtime_IHeap_free)
                  000064ec    00000008     EK_TM4C1294XL.obj (.text:EK_TM4C1294XL_initGPIO)
                  000064f4    00000008     drivers_tivaware.aem4f : PWMTimerTiva.oem4f (.text:PWMTimerTiva_init)
                  000064fc    00000008     driverlib.lib : uart.obj (.text:UARTIntEnable)
                  00006504    00000008                   : uart.obj (.text:UARTRxErrorGet)
                  0000650c    00000008     drivers_tivaware.aem4f : UARTTiva.oem4f (.text:readSemCallback)
                  00006514    00000008     sysbios.aem4f : BIOS.obj (.text:ti_sysbios_family_arm_lm4_Timer_masterDisable__I)
                  0000651c    00000004     --HOLE-- [fill = 0]
                  00006520    00000008                   : BIOS.obj (.text:ti_sysbios_family_arm_m3_Hwi_doSwiRestore__I)
                  00006528    00000008                   : BIOS.obj (.text:ti_sysbios_family_arm_m3_Hwi_startup__E)
                  00006530    00000008     drivers_tivaware.aem4f : UARTTiva.oem4f (.text:writeSemCallback)
                  00006538    00000006     driverlib.lib : gpio.obj (.text:GPIOPinWrite)
                  0000653e    00000006     drivers_tivaware.aem4f : PWMTimerTiva.oem4f (.text:PWMTimerTiva_getPeriodMicroSecs)
                  00006544    00000006     driverlib.lib : uart.obj (.text:UARTFIFOLevelSet)
                  0000654a    00000006                   : uart.obj (.text:UARTRxErrorClear)
                  00006550    00000006     sysbios.aem4f : BIOS.obj (.text:ti_sysbios_family_arm_m3_Hwi_doTaskRestore__I)
                  00006556    00000002     --HOLE-- [fill = 0]
                  00006558    00000006                   : BIOS.obj (.text:ti_sysbios_family_arm_m3_Hwi_restoreFxn__E)
                  0000655e    00000002     --HOLE-- [fill = 0]
                  00006560    00000006                   : BIOS.obj (.text:ti_sysbios_gates_GateHwi_leave__E)
                  00006566    00000002     --HOLE-- [fill = 0]
                  00006568    00000006                   : BIOS.obj (.text:ti_sysbios_heaps_HeapMem_isBlocking__E)
                  0000656e    00000002     --HOLE-- [fill = 0]
                  00006570    00000006                   : BIOS.obj (.text:ti_sysbios_knl_Clock_stop__E)
                  00006576    00000002     --HOLE-- [fill = 0]
                  00006578    00000006                   : BIOS.obj (.text:ti_sysbios_knl_Queue_Instance_init__E)
                  0000657e    00000002     --HOLE-- [fill = 0]
                  00006580    00000006                   : BIOS.obj (.text:ti_sysbios_knl_Swi_startup__E)
                  00006586    00000006     ti.targets.arm.rtsarm.aem4f : System.oem4f (.text:xdc_runtime_System_Module_startup__E)
                  0000658c    00000004     --HOLE-- [fill = 0]
                  00006590    00000004     sysbios.aem4f : BIOS.obj (.text:ti_sysbios_gates_GateHwi_query__E)
                  00006594    00000004     --HOLE-- [fill = 0]
                  00006598    00000004                   : BIOS.obj (.text:ti_sysbios_gates_GateMutex_query__E)
                  0000659c    00000004     --HOLE-- [fill = 0]
                  000065a0    00000004                   : BIOS.obj (.text:ti_sysbios_knl_Task_startup__E)
                  000065a4    00000004     --HOLE-- [fill = 0]
                  000065a8    00000002                   : BIOS.obj (.text:ti_sysbios_gates_GateHwi_Instance_init__E)
                  000065aa    00000006     --HOLE-- [fill = 0]
                  000065b0    00000002                   : BIOS.obj (.text:ti_sysbios_knl_Clock_logTick__E)

.const     0    000065b4    0000223b     
                  000065b4    00001844     empty_min_pem4f.oem4f (.const:xdc_runtime_Text_charTab__A)
                  00007df8    00000120     Boot.aem4f : Boot_sysctl.oem4f (.const:g_pppui32XTALtoVCO)
                  00007f18    000000bc     empty_min_pem4f.oem4f (.const:xdc_runtime_Text_nodeTab__A)
                  00007fd4    00000090     driverlib.lib : gpio.obj (.const:g_pui32GPIOBaseAddrs)
                  00008064    0000006c     Boot.aem4f : Boot_sysctl.oem4f (.const:g_pui32Xtals)
                  000080d0    00000060     MotorLib.lib : motorlib.obj (.const:PWM_config)
                  00008130    00000054     drivers_tivaware.aem4f : GPIOTiva.oem4f (.const:.string)
                  00008184    00000054     MotorLib.lib : motorlib.obj (.const:motorLibPWMTivaHWAttrs)
                  000081d8    0000004c     drivers_tivaware.aem4f : UARTTiva.oem4f (.const)
                  00008224    00000048     empty_min_pem4f.oem4f (.const:.string)
                  0000826c    00000048     drivers_tivaware.aem4f : GPIOTiva.oem4f (.const:gpioBaseAddresses)
                  000082b4    0000003c     empty_min_pem4f.oem4f (.const:ti_sysbios_knl_Task_Object__PARAMS__C)
                  000082f0    00000030     Boot.aem4f : Boot_sysctl.oem4f (.const:g_sXTALtoMEMTIM)
                  00008320    00000030     empty_min_pem4f.oem4f (.const:ti_sysbios_family_arm_m3_Hwi_Object__PARAMS__C)
                  00008350    00000028     drivers_tivaware.aem4f : UARTTiva.oem4f (.const:UARTTiva_fxnTable)
                  00008378    00000028     empty_min_pem4f.oem4f (.const:ti_sysbios_heaps_HeapMem_Module__FXNS__C)
                  000083a0    00000024     empty_min_pem4f.oem4f (.const:ti_sysbios_gates_GateHwi_Module__FXNS__C)
                  000083c4    00000024     empty_min_pem4f.oem4f (.const:ti_sysbios_gates_GateMutex_Module__FXNS__C)
                  000083e8    00000024     empty_min_pem4f.oem4f (.const:ti_sysbios_heaps_HeapMem_Object__PARAMS__C)
                  0000840c    00000024     empty_min_pem4f.oem4f (.const:ti_sysbios_knl_Clock_Object__PARAMS__C)
                  00008430    00000024     empty_min_pem4f.oem4f (.const:ti_sysbios_knl_Semaphore_Object__PARAMS__C)
                  00008454    00000020     drivers_tivaware.aem4f : PWMTimerTiva.oem4f (.const)
                  00008474    00000020                            : PWMTiva.oem4f (.const)
                  00008494    00000020     empty_min_pem4f.oem4f (.const:ti_sysbios_family_arm_m3_Hwi_Object__DESC__C)
                  000084b4    00000020     empty_min_pem4f.oem4f (.const:ti_sysbios_gates_GateHwi_Object__DESC__C)
                  000084d4    00000020     empty_min_pem4f.oem4f (.const:ti_sysbios_gates_GateMutex_Object__DESC__C)
                  000084f4    00000020     empty_min_pem4f.oem4f (.const:ti_sysbios_heaps_HeapMem_Object__DESC__C)
                  00008514    00000020     empty_min_pem4f.oem4f (.const:ti_sysbios_knl_Clock_Object__DESC__C)
                  00008534    00000020     empty_min_pem4f.oem4f (.const:ti_sysbios_knl_Queue_Object__DESC__C)
                  00008554    00000020     empty_min_pem4f.oem4f (.const:ti_sysbios_knl_Semaphore_Object__DESC__C)
                  00008574    00000020     empty_min_pem4f.oem4f (.const:ti_sysbios_knl_Task_Object__DESC__C)
                  00008594    00000020     empty_min_pem4f.oem4f (.const:xdc_runtime_Startup_sfxnTab__A)
                  000085b4    00000018     EK_TM4C1294XL.obj (.const:UART_config)
                  000085cc    00000018     empty_min_pem4f.oem4f (.const:ti_sysbios_gates_GateHwi_Object__PARAMS__C)
                  000085e4    00000018     empty_min_pem4f.oem4f (.const:ti_sysbios_gates_GateMutex_Object__PARAMS__C)
                  000085fc    00000018     empty_min_pem4f.oem4f (.const:ti_sysbios_knl_Queue_Object__PARAMS__C)
                  00008614    00000018     EK_TM4C1294XL.obj (.const:uartTivaHWAttrs)
                  0000862c    00000014     EK_TM4C1294XL.obj (.const:GPIOTiva_config)
                  00008640    00000014     empty_min_pem4f.oem4f (.const:xdc_runtime_Startup_firstFxns__A)
                  00008654    00000010     MotorLib.lib : motorlib.obj (.const:motorLibPWMTimerTivaHWAttrs)
                  00008664    00000010     empty_min_pem4f.oem4f (.const:xdc_runtime_Startup_sfxnRts__A)
                  00008674    0000000c     drivers_tivaware.aem4f : PWM.oem4f (.const)
                  00008680    00000008     Boot.aem4f : Boot_sysctl.oem4f (.const)
                  00008688    00000008     empty_min_pem4f.oem4f (.const:ti_sysbios_family_arm_m3_Hwi_excHookFuncs__A)
                  00008690    00000008     empty_min_pem4f.oem4f (.const:ti_sysbios_knl_Idle_funcList__C)
                  00008698    00000008     empty_min_pem4f.oem4f (.const:xdc_runtime_Startup_firstFxns__C)
                  000086a0    00000008     empty_min_pem4f.oem4f (.const:xdc_runtime_Startup_lastFxns__C)
                  000086a8    00000004     empty_min_pem4f.oem4f (.const:ti_catalog_arm_cortexm4_tiva_ce_Boot_A_mustNotUseEnhancedClockMode__C)
                  000086ac    00000004     empty_min_pem4f.oem4f (.const:ti_catalog_arm_cortexm4_tiva_ce_Boot_Module__diagsEnabled__C)
                  000086b0    00000004     empty_min_pem4f.oem4f (.const:ti_catalog_arm_cortexm4_tiva_ce_Boot_Module__diagsIncluded__C)
                  000086b4    00000004     empty_min_pem4f.oem4f (.const:ti_catalog_arm_cortexm4_tiva_ce_Boot_Module__diagsMask__C)
                  000086b8    00000004     empty_min_pem4f.oem4f (.const:ti_sysbios_family_arm_lm4_Timer_enableFunc__C)
                  000086bc    00000004     empty_min_pem4f.oem4f (.const:ti_sysbios_family_arm_lm4_Timer_numTimerDevices__C)
                  000086c0    00000004     empty_min_pem4f.oem4f (.const:ti_sysbios_family_arm_lm4_Timer_startupNeeded__C)
                  000086c4    00000004     empty_min_pem4f.oem4f (.const:ti_sysbios_family_arm_m3_Hwi_E_NMI__C)
                  000086c8    00000004     empty_min_pem4f.oem4f (.const:ti_sysbios_family_arm_m3_Hwi_E_alreadyDefined__C)
                  000086cc    00000004     empty_min_pem4f.oem4f (.const:ti_sysbios_family_arm_m3_Hwi_E_busFault__C)
                  000086d0    00000004     empty_min_pem4f.oem4f (.const:ti_sysbios_family_arm_m3_Hwi_E_debugMon__C)
                  000086d4    00000004     empty_min_pem4f.oem4f (.const:ti_sysbios_family_arm_m3_Hwi_E_hardFault__C)
                  000086d8    00000004     empty_min_pem4f.oem4f (.const:ti_sysbios_family_arm_m3_Hwi_E_memFault__C)
                  000086dc    00000004     empty_min_pem4f.oem4f (.const:ti_sysbios_family_arm_m3_Hwi_E_noIsr__C)
                  000086e0    00000004     empty_min_pem4f.oem4f (.const:ti_sysbios_family_arm_m3_Hwi_E_reserved__C)
                  000086e4    00000004     empty_min_pem4f.oem4f (.const:ti_sysbios_family_arm_m3_Hwi_E_svCall__C)
                  000086e8    00000004     empty_min_pem4f.oem4f (.const:ti_sysbios_family_arm_m3_Hwi_E_usageFault__C)
                  000086ec    00000004     empty_min_pem4f.oem4f (.const:ti_sysbios_family_arm_m3_Hwi_NUM_INTERRUPTS__C)
                  000086f0    00000004     empty_min_pem4f.oem4f (.const:ti_sysbios_family_arm_m3_Hwi_Object__count__C)
                  000086f4    00000004     empty_min_pem4f.oem4f (.const:ti_sysbios_family_arm_m3_Hwi_ccr__C)
                  000086f8    00000004     empty_min_pem4f.oem4f (.const:ti_sysbios_family_arm_m3_Hwi_excHandlerFunc__C)
                  000086fc    00000004     empty_min_pem4f.oem4f (.const:ti_sysbios_family_arm_m3_Hwi_excHookFuncs__C)
                  00008700    00000004     empty_min_pem4f.oem4f (.const:ti_sysbios_family_arm_m3_Hwi_nullIsrFunc__C)
                  00008704    00000004     empty_min_pem4f.oem4f (.const:ti_sysbios_family_arm_m3_Hwi_priGroup__C)
                  00008708    00000004     empty_min_pem4f.oem4f (.const:ti_sysbios_family_arm_m3_TaskSupport_stackAlignment__C)
                  0000870c    00000004     empty_min_pem4f.oem4f (.const:ti_sysbios_gates_GateMutex_Instance_State_sem__O)
                  00008710    00000004     empty_min_pem4f.oem4f (.const:ti_sysbios_heaps_HeapMem_E_memory__C)
                  00008714    00000004     empty_min_pem4f.oem4f (.const:ti_sysbios_heaps_HeapMem_Module__gateObj__C)
                  00008718    00000004     empty_min_pem4f.oem4f (.const:ti_sysbios_heaps_HeapMem_Object__count__C)
                  0000871c    00000004     empty_min_pem4f.oem4f (.const:ti_sysbios_heaps_HeapMem_reqAlign__C)
                  00008720    00000004     empty_min_pem4f.oem4f (.const:ti_sysbios_knl_Clock_Module_State_clockQ__O)
                  00008724    00000004     empty_min_pem4f.oem4f (.const:ti_sysbios_knl_Semaphore_Instance_State_pendQ__O)
                  00008728    00000004     empty_min_pem4f.oem4f (.const:ti_sysbios_knl_Swi_Object__count__C)
                  0000872c    00000004     empty_min_pem4f.oem4f (.const:ti_sysbios_knl_Task_Module_State_inactiveQ__O)
                  00008730    00000004     empty_min_pem4f.oem4f (.const:ti_sysbios_knl_Task_Object__count__C)
                  00008734    00000004     empty_min_pem4f.oem4f (.const:ti_sysbios_knl_Task_allBlockedFunc__C)
                  00008738    00000004     empty_min_pem4f.oem4f (.const:ti_sysbios_knl_Task_defaultStackHeap__C)
                  0000873c    00000004     empty_min_pem4f.oem4f (.const:ti_sysbios_knl_Task_defaultStackSize__C)
                  00008740    00000004     empty_min_pem4f.oem4f (.const:ti_sysbios_knl_Task_numConstructedTasks__C)
                  00008744    00000004     empty_min_pem4f.oem4f (.const:xdc_runtime_Assert_E_assertFailed__C)
                  00008748    00000004     empty_min_pem4f.oem4f (.const:xdc_runtime_Core_A_initializedParams__C)
                  0000874c    00000004     empty_min_pem4f.oem4f (.const:xdc_runtime_Core_Module__diagsEnabled__C)
                  00008750    00000004     empty_min_pem4f.oem4f (.const:xdc_runtime_Core_Module__diagsIncluded__C)
                  00008754    00000004     empty_min_pem4f.oem4f (.const:xdc_runtime_Core_Module__diagsMask__C)
                  00008758    00000004     empty_min_pem4f.oem4f (.const:xdc_runtime_Error_E_generic__C)
                  0000875c    00000004     empty_min_pem4f.oem4f (.const:xdc_runtime_Error_E_memory__C)
                  00008760    00000004     empty_min_pem4f.oem4f (.const:xdc_runtime_Error_Module__diagsEnabled__C)
                  00008764    00000004     empty_min_pem4f.oem4f (.const:xdc_runtime_Error_Module__diagsIncluded__C)
                  00008768    00000004     empty_min_pem4f.oem4f (.const:xdc_runtime_Error_Module__diagsMask__C)
                  0000876c    00000004     empty_min_pem4f.oem4f (.const:xdc_runtime_Error_Module__loggerFxn8__C)
                  00008770    00000004     empty_min_pem4f.oem4f (.const:xdc_runtime_Error_Module__loggerObj__C)
                  00008774    00000004     empty_min_pem4f.oem4f (.const:xdc_runtime_Error_policyFxn__C)
                  00008778    00000004     empty_min_pem4f.oem4f (.const:xdc_runtime_Error_raiseHook__C)
                  0000877c    00000004     empty_min_pem4f.oem4f (.const:xdc_runtime_IGateProvider_Interface__BASE__C)
                  00008780    00000004     empty_min_pem4f.oem4f (.const:xdc_runtime_IHeap_Interface__BASE__C)
                  00008784    00000004     empty_min_pem4f.oem4f (.const:xdc_runtime_IModule_Interface__BASE__C)
                  00008788    00000004     empty_min_pem4f.oem4f (.const:xdc_runtime_Log_L_error__C)
                  0000878c    00000004     empty_min_pem4f.oem4f (.const:xdc_runtime_Memory_defaultHeapInstance__C)
                  00008790    00000004     empty_min_pem4f.oem4f (.const:xdc_runtime_Startup_execImpl__C)
                  00008794    00000004     empty_min_pem4f.oem4f (.const:xdc_runtime_Startup_maxPasses__C)
                  00008798    00000004     empty_min_pem4f.oem4f (.const:xdc_runtime_Startup_sfxnRts__C)
                  0000879c    00000004     empty_min_pem4f.oem4f (.const:xdc_runtime_Startup_sfxnTab__C)
                  000087a0    00000004     empty_min_pem4f.oem4f (.const:xdc_runtime_SysMin_bufSize__C)
                  000087a4    00000004     empty_min_pem4f.oem4f (.const:xdc_runtime_SysMin_outputFunc__C)
                  000087a8    00000004     empty_min_pem4f.oem4f (.const:xdc_runtime_System_Module__gateObj__C)
                  000087ac    00000004     empty_min_pem4f.oem4f (.const:xdc_runtime_System_abortFxn__C)
                  000087b0    00000004     empty_min_pem4f.oem4f (.const:xdc_runtime_System_exitFxn__C)
                  000087b4    00000004     empty_min_pem4f.oem4f (.const:xdc_runtime_System_extendFxn__C)
                  000087b8    00000004     empty_min_pem4f.oem4f (.const:xdc_runtime_System_maxAtexitHandlers__C)
                  000087bc    00000004     empty_min_pem4f.oem4f (.const:xdc_runtime_Text_charTab__C)
                  000087c0    00000004     empty_min_pem4f.oem4f (.const:xdc_runtime_Text_nameEmpty__C)
                  000087c4    00000004     empty_min_pem4f.oem4f (.const:xdc_runtime_Text_nameStatic__C)
                  000087c8    00000004     empty_min_pem4f.oem4f (.const:xdc_runtime_Text_nameUnknown__C)
                  000087cc    00000004     empty_min_pem4f.oem4f (.const:xdc_runtime_Text_nodeTab__C)
                  000087d0    00000004     empty_min_pem4f.oem4f (.const:xdc_runtime_Text_visitRopeFxn__C)
                  000087d4    00000002     empty_min_pem4f.oem4f (.const:ti_catalog_arm_cortexm4_tiva_ce_Boot_Module__id__C)
                  000087d6    00000002     empty_min_pem4f.oem4f (.const:ti_sysbios_family_arm_m3_Hwi_Module__id__C)
                  000087d8    00000002     empty_min_pem4f.oem4f (.const:ti_sysbios_heaps_HeapMem_Module__id__C)
                  000087da    00000002     empty_min_pem4f.oem4f (.const:xdc_runtime_Core_Module__id__C)
                  000087dc    00000002     empty_min_pem4f.oem4f (.const:xdc_runtime_Error_Module__loggerDefined__C)
                  000087de    00000002     empty_min_pem4f.oem4f (.const:xdc_runtime_Error_maxDepth__C)
                  000087e0    00000002     empty_min_pem4f.oem4f (.const:xdc_runtime_Main_Module__id__C)
                  000087e2    00000002     empty_min_pem4f.oem4f (.const:xdc_runtime_Memory_Module__id__C)
                  000087e4    00000002     empty_min_pem4f.oem4f (.const:xdc_runtime_SysMin_flushAtExit__C)
                  000087e6    00000002     empty_min_pem4f.oem4f (.const:xdc_runtime_Text_charCnt__C)
                  000087e8    00000002     empty_min_pem4f.oem4f (.const:xdc_runtime_Text_isLoaded__C)
                  000087ea    00000002     empty_min_pem4f.oem4f (.const:xdc_runtime_Text_registryModsLastId__C)
                  000087ec    00000002     empty_min_pem4f.oem4f (.const:xdc_runtime_Text_unnamedModsLastId__C)
                  000087ee    00000001     empty_min_pem4f.oem4f (.const:xdc_runtime_Error_policy__C)

.cinit     0    000087f0    000001f8     
                  000087f0    000001be     (.cinit..data.load) [load image, compression = lzss]
                  000089ae    00000002     --HOLE-- [fill = 0]
                  000089b0    0000000c     (__TI_handler_table)
                  000089bc    00000004     --HOLE-- [fill = 0]
                  000089c0    00000008     (.cinit..bss.load) [load image, compression = zero_init]
                  000089c8    00000008     (.cinit..vecs.load) [load image, compression = zero_init]
                  000089d0    00000018     (__TI_cinit_table)

.init_array 
*          0    00000000    00000000     UNINITIALIZED

.resetVecs 
*          0    00000000    0000003c     
                  00000000    0000003c     empty_min_pem4f.oem4f (.resetVecs)

.bss       0    20000360    00000f48     UNINITIALIZED
                  20000360    00000400     (.common:task0Stack)
                  20000760    00000400     (.common:ti_sysbios_heaps_HeapMem_Instance_State_0_buf__A)
                  20000b60    00000360     (.common:ti_sysbios_family_arm_m3_Hwi_dispatchTable)
                  20000ec0    00000120     rtsv7M4_T_le_v4SPD16_eabi.lib : trgmsg.c.obj (.bss:_CIOBUF_)
                  20000fe0    000000cc     (.common:uartTivaObjects)
                  200010ac    00000090     drivers_tivaware.aem4f : GPIOTiva.oem4f (.bss:gpioCallbackInfo)
                  2000113c    00000080     (.common:xdc_runtime_SysMin_Module_State_0_outbuf__A)
                  200011bc    00000050     (.common:task0Struct)
                  2000120c    00000038     (.common:motorLibPWMObjects)
                  20001244    00000020     MotorLib.lib : motorlib.obj (.bss:PWMStruct)
                  20001264    00000020     (.common:uartTivaRingBuffer)
                  20001284    00000018     (.common:motorLibPWMTimerObjects)
                  2000129c    00000008     (.common:parmbuf)
                  200012a4    00000004     (.common:gpioInterruptVectors)

.data      0    200012a8    000003f6     UNINITIALIZED
                  200012a8    00000080     empty_min_pem4f.oem4f (.data:ti_sysbios_knl_Swi_Module_State_0_readyQ__A)
                  20001328    00000080     empty_min_pem4f.oem4f (.data:ti_sysbios_knl_Task_Module_State_0_readyQ__A)
                  200013a8    00000044     empty_min_pem4f.oem4f (.data:ti_sysbios_knl_Task_Module__state__V)
                  200013ec    00000040     empty_min_pem4f.oem4f (.data:ti_sysbios_family_arm_lm4_Timer_Module_State_0_device__A)
                  2000142c    00000040     empty_min_pem4f.oem4f (.data:ti_sysbios_family_arm_lm4_Timer_Object__table__V)
                  2000146c    00000038     empty_min_pem4f.oem4f (.data:ti_sysbios_gates_GateMutex_Object__table__V)
                  200014a4    00000034     empty_min_pem4f.oem4f (.data:ti_sysbios_family_arm_m3_Hwi_Module__state__V)
                  200014d8    00000030     empty_min_pem4f.oem4f (.data:ti_sysbios_knl_Swi_Object__table__V)
                  20001508    0000002c     empty_min_pem4f.oem4f (.data:ti_sysbios_knl_Clock_Module__state__V)
                  20001534    00000024     empty_min_pem4f.oem4f (.data:ti_sysbios_BIOS_Module__state__V)
                  20001558    00000020     empty_min_pem4f.oem4f (.data:ti_sysbios_family_arm_lm4_Timer_Module_State_0_handles__A)
                  20001578    0000001c     empty_min_pem4f.oem4f (.data:ti_sysbios_knl_Swi_Module__state__V)
                  20001594    00000018     drivers_tivaware.aem4f : PWMTiva.oem4f (.data)
                  200015ac    00000018     empty_min_pem4f.oem4f (.data:ti_sysbios_family_arm_m3_Hwi_Object__table__V)
                  200015c4    00000018     empty_min_pem4f.oem4f (.data:ti_sysbios_heaps_HeapMem_Object__table__V)
                  200015dc    00000010     EK_TM4C1294XL.obj (.data:gpioPinConfigs)
                  200015ec    0000000c     empty_min_pem4f.oem4f (.data:ti_sysbios_family_arm_lm4_Timer_Module__state__V)
                  200015f8    0000000c     empty_min_pem4f.oem4f (.data:xdc_runtime_SysMin_Module__state__V)
                  20001604    00000008     rtsv7M4_T_le_v4SPD16_eabi.lib : _lock.c.obj (.data:$O1$$)
                  2000160c    00000008     EK_TM4C1294XL.obj (.data:gpioCallbackFunctions)
                  20001614    00000008     empty_min_pem4f.oem4f (.data:ti_sysbios_family_arm_m3_Hwi_Module__root__V)
                  2000161c    00000008     empty_min_pem4f.oem4f (.data:ti_sysbios_gates_GateHwi_Module__root__V)
                  20001624    00000008     empty_min_pem4f.oem4f (.data:ti_sysbios_gates_GateMutex_Module__root__V)
                  2000162c    00000008     empty_min_pem4f.oem4f (.data:ti_sysbios_heaps_HeapMem_Module__root__V)
                  20001634    00000008     empty_min_pem4f.oem4f (.data:ti_sysbios_knl_Clock_Module__root__V)
                  2000163c    00000008     empty_min_pem4f.oem4f (.data:ti_sysbios_knl_Queue_Module__root__V)
                  20001644    00000008     empty_min_pem4f.oem4f (.data:ti_sysbios_knl_Semaphore_Module__root__V)
                  2000164c    00000008     empty_min_pem4f.oem4f (.data:ti_sysbios_knl_Task_Module__root__V)
                  20001654    00000008     empty_min_pem4f.oem4f (.data:xdc_runtime_Registry_Module__state__V)
                  2000165c    00000008     empty_min_pem4f.oem4f (.data:xdc_runtime_Startup_Module__state__V)
                  20001664    00000008     empty_min_pem4f.oem4f (.data:xdc_runtime_System_Module_State_0_atexitHandlers__A)
                  2000166c    00000008     empty_min_pem4f.oem4f (.data:xdc_runtime_System_Module__state__V)
                  20001674    00000005     drivers_tivaware.aem4f : GPIOTiva.oem4f (.data)
                  20001679    00000001     --HOLE--
                  2000167a    00000002     empty_min_pem4f.oem4f (.data:ti_sysbios_family_arm_m3_Hwi_Module_State_0_excActive__A)
                  2000167c    00000004     drivers_tivaware.aem4f : PWM.oem4f (.data)
                  20001680    00000004                            : UART.oem4f (.data)
                  20001684    00000004     rtsv7M4_T_le_v4SPD16_eabi.lib : stkdepth_vars.c.obj (.data)
                  20001688    00000004     empty_min_pem4f.oem4f (.data:ti_sysbios_family_arm_m3_Hwi_Module_State_0_excContext__A)
                  2000168c    00000004     empty_min_pem4f.oem4f (.data:ti_sysbios_family_arm_m3_Hwi_Module_State_0_excStack__A)
                  20001690    00000004     empty_min_pem4f.oem4f (.data:ti_sysbios_gates_GateHwi_Object__table__V)
                  20001694    00000004     empty_min_pem4f.oem4f (.data:ti_sysbios_knl_Task_Module_State_0_idleTask__A)
                  20001698    00000004     empty_min_pem4f.oem4f (.data:xdc_runtime_Memory_Module__state__V)
                  2000169c    00000002     empty_min_pem4f.oem4f (.data:xdc_runtime_Error_Module__state__V)

.stack     0    200016a0    00000300     UNINITIALIZED
                  200016a0    00000300     --HOLE--

.bootVecs 
*          0    00000000    00000008     DSECT
                  00000000    00000008     boot.aem4f : boot.oem4f (.bootVecs)

.vecs      0    20000000    00000360     UNINITIALIZED
                  20000000    00000360     empty_min_pem4f.oem4f (.vecs)

xdc.meta   0    00000000    0000012c     COPY SECTION
                  00000000    0000012c     empty_min_pem4f.oem4f (xdc.meta)

__llvm_prf_cnts 
*          0    20000000    00000000     UNINITIALIZED

MODULE SUMMARY

       Module                       code    ro data   rw data
       ------                       ----    -------   -------
    .\
       empty_min.obj                288     0         1104   
       EK_TM4C1294XL.obj            236     68        260    
    +--+----------------------------+-------+---------+---------+
       Total:                       524     68        1364   
                                                             
    C:\Users\dylan\OneDrive - Queensland University of Technology\H-Migrated\EGH456_2023\empty_min_EK_TM4C1294XL_TI\Debug\configPkg\package\cfg\
       empty_min_pem4f.oem4f        1888    7615      3820   
    +--+----------------------------+-------+---------+---------+
       Total:                       1888    7615      3820   
                                                             
    ../drivers/MotorLib.lib
       motorlib.obj                 1708    196       112    
    +--+----------------------------+-------+---------+---------+
       Total:                       1708    196       112    
                                                             
    C:/ti/tirtos_tivac_2_16_01_14/products/TivaWare_C_Series-2.1.1.71b/driverlib/ccs/Debug/driverlib.lib
       gpio.obj                     632     144       0      
       timer.obj                    226     0         0      
       uart.obj                     226     0         0      
       pwm.obj                      178     0         0      
       sysctl.obj                   128     0         0      
    +--+----------------------------+-------+---------+---------+
       Total:                       1390    144       0      
                                                             
    C:/ti/tirtos_tivac_2_16_01_14/products/tidrivers_tivac_2_16_01_13/packages/ti/drivers/lib/drivers_tivaware.aem4f
       UARTTiva.oem4f               2262    116       0      
       GPIOTiva.oem4f               764     156       153    
       PWMTiva.oem4f                962     32        24     
       PWMTimerTiva.oem4f           666     32        0      
       RingBuf.oem4f                164     0         0      
       PWM.oem4f                    130     12        4      
       UART.oem4f                   56      0         4      
    +--+----------------------------+-------+---------+---------+
       Total:                       5004    348       185    
                                                             
    C:\Users\dylan\OneDrive - Queensland University of Technology\H-Migrated\EGH456_2023\empty_min_EK_TM4C1294XL_TI\src\sysbios\sysbios.aem4f
       BIOS.obj                     8786    0         0      
       m3_Hwi_asm.obj               314     0         0      
       m3_TaskSupport_asm.obj       180     0         0      
       m3_Hwi_asm_switch.obj        118     0         0      
    +--+----------------------------+-------+---------+---------+
       Total:                       9398    0         0      
                                                             
    C:\ti\ccs1220\ccs\tools\compiler\ti-cgt-arm_20.2.7.LTS\lib\rtsv7M4_T_le_v4SPD16_eabi.lib
       trgmsg.c.obj                 108     0         288    
       memcpy_t2.asm.obj            156     0         0      
       memset_t2.asm.obj            122     0         0      
       copy_decompress_lzss.c.obj   104     0         0      
       hostwrite.c.obj              88      0         0      
       cpy_tbl.c.obj                76      0         0      
       u_divt2.asm.obj              64      0         0      
       _lock.c.obj                  26      0         8      
       args_main.c.obj              24      0         0      
       strlen.c.obj                 20      0         0      
       copy_decompress_none.c.obj   14      0         0      
       copy_zero_init.c.obj         12      0         0      
       hostopen.c.obj               0       0         8      
       exit.c.obj                   4       0         0      
       stkdepth_vars.c.obj          0       0         4      
       div0.asm.obj                 2       0         0      
    +--+----------------------------+-------+---------+---------+
       Total:                       820     0         308    
                                                             
    C:\ti\tirtos_tivac_2_16_01_14\products\bios_6_45_02_31\packages\ti\catalog\arm\cortexm4\tiva\ce\lib\Boot.aem4f
       Boot_sysctl.oem4f            628     452       0      
       Boot.oem4f                   152     0         0      
    +--+----------------------------+-------+---------+---------+
       Total:                       780     452       0      
                                                             
    C:\ti\tirtos_tivac_2_16_01_14\products\bios_6_45_02_31\packages\ti\targets\arm\rtsarm\lib\auto_init.aem4f
       auto_init.oem4f              160     0         0      
    +--+----------------------------+-------+---------+---------+
       Total:                       160     0         0      
                                                             
    C:\ti\tirtos_tivac_2_16_01_14\products\bios_6_45_02_31\packages\ti\targets\arm\rtsarm\lib\boot.aem4f
       boot.oem4f                   88      0         0      
    +--+----------------------------+-------+---------+---------+
       Total:                       88      0         0      
                                                             
    C:\ti\tirtos_tivac_2_16_01_14\products\bios_6_45_02_31\packages\ti\targets\arm\rtsarm\lib\ti.targets.arm.rtsarm.aem4f
       System.oem4f                 1255    0         0      
       Text.oem4f                   672     0         0      
       Error.oem4f                  524     0         0      
       Core-mem.oem4f               358     0         0      
       Startup.oem4f                328     0         0      
       SysMin.oem4f                 248     0         0      
       Core-smem.oem4f              204     0         0      
       Memory.oem4f                 176     0         0      
       Assert.oem4f                 84      0         0      
       Core-params.oem4f            70      0         0      
       Core-label.oem4f             52      0         0      
       Registry.oem4f               32      0         0      
       Gate.oem4f                   28      0         0      
    +--+----------------------------+-------+---------+---------+
       Total:                       4031    0         0      
                                                             
       Stack:                       0       0         768    
       Linker Generated:            0       498       0      
    +--+----------------------------+-------+---------+---------+
       Grand Total:                 25791   9321      6557   


LINKER GENERATED COPY TABLES

__TI_cinit_table @ 000089d0 records: 3, size/record: 8, table size: 24
	.data: load addr=000087f0, load size=000001be bytes, run addr=200012a8, run size=000003f6 bytes, compression=lzss
	.bss: load addr=000089c0, load size=00000008 bytes, run addr=20000360, run size=00000f48 bytes, compression=zero_init
	.vecs: load addr=000089c8, load size=00000008 bytes, run addr=20000000, run size=00000360 bytes, compression=zero_init


LINKER GENERATED HANDLER TABLE

__TI_handler_table @ 000089b0 records: 3, size/record: 4, table size: 12
	index: 0, handler: __TI_decompress_lzss
	index: 1, handler: __TI_decompress_none
	index: 2, handler: __TI_zero_init


GLOBAL SYMBOLS: SORTED ALPHABETICALLY BY Name 

address   name                                                                 
-------   ----                                                                 
0000127d  C$$EXIT                                                              
00005203  C$$IO$$                                                              
000064ed  EK_TM4C1294XL_initGPIO                                               
00002aa5  EK_TM4C1294XL_initGeneral                                            
00005771  EK_TM4C1294XL_initUART                                               
00005851  GPIODirModeSet                                                       
000040f3  GPIOIntClear                                                         
00006321  GPIOIntStatus                                                        
00004431  GPIOIntTypeSet                                                       
00001cb9  GPIOPadConfigSet                                                     
00004ad1  GPIOPinConfigure                                                     
000044db  GPIOPinRead                                                          
0000610d  GPIOPinTypeGPIOInput                                                 
00005f05  GPIOPinTypeGPIOOutput                                                
0000611f  GPIOPinTypePWM                                                       
00006131  GPIOPinTypeTimer                                                     
00006143  GPIOPinTypeUART                                                      
00006539  GPIOPinWrite                                                         
0000862c  GPIOTiva_config                                                      
00003dd9  GPIO_hwiIntFxn                                                       
000033fd  GPIO_init                                                            
000045dd  GPIO_setCallback                                                     
00001a1d  GPIO_setConfig                                                       
0000462d  GPIO_write                                                           
00004329  HOSTwrite                                                            
00006055  PWMClockSet                                                          
00005a91  PWMGenConfigure                                                      
00006385  PWMGenDisable                                                        
00006391  PWMGenEnable                                                         
00006155  PWMGenPeriodGet                                                      
0000621d  PWMGenPeriodSet                                                      
00006167  PWMOutputInvert                                                      
00006179  PWMOutputState                                                       
00005c81  PWMPulseWidthSet                                                     
00008472  PWMTimerTiva_MAX_MATCH_VALUE                                         
00008470  PWMTimerTiva_MAX_PRESCALAR_VALUE                                     
00004a85  PWMTimerTiva_close                                                   
00003a81  PWMTimerTiva_control                                                 
00008454  PWMTimerTiva_fxnTable                                                
0000649d  PWMTimerTiva_getPeriodCounts                                         
0000653f  PWMTimerTiva_getPeriodMicroSecs                                      
000064f5  PWMTimerTiva_init                                                    
00001f01  PWMTimerTiva_open                                                    
00002b5d  PWMTimerTiva_setDuty                                                 
00008492  PWMTiva_MAX_MATCH_VALUE                                              
00008490  PWMTiva_MAX_PRESCALAR                                                
00003ca1  PWMTiva_close                                                        
0000362d  PWMTiva_control                                                      
00008474  PWMTiva_fxnTable                                                     
00005ab3  PWMTiva_getPeriodCounts                                              
00005c9f  PWMTiva_getPeriodMicroSecs                                           
000054cd  PWMTiva_init                                                         
000015ed  PWMTiva_open                                                         
00002505  PWMTiva_setDuty                                                      
0000622d  PWM_Params_init                                                      
000080d0  PWM_config                                                           
00008674  PWM_defaultParams                                                    
0000512d  PWM_init                                                             
000054fd  PWM_open                                                             
000064a7  PWM_setDuty                                                          
0000618b  RingBuf_construct                                                    
00004f2f  RingBuf_get                                                          
0000639d  RingBuf_peek                                                         
00004c39  RingBuf_put                                                          
UNDEFED   SHT$$INIT_ARRAY$$Base                                                
UNDEFED   SHT$$INIT_ARRAY$$Limit                                               
[...]
00006431  ti_sysbios_gates_GateHwi_enter__E                                    
0000643d  ti_sysbios_knl_Clock_Params__init__S                                 
00006449  ti_sysbios_knl_Queue_Object__get__S                                  
00006455  ti_sysbios_knl_Semaphore_Params__init__S                             
00006461  ti_sysbios_knl_Task_Params__init__S                                  
0000646d  xdc_runtime_Error_init__E                                            
00006479  xdc_runtime_Gate_enterSystem__E                                      
00006485  xdc_runtime_Memory_calloc__E                                         
00006491  xdc_runtime_Memory_getMaxDefaultTypeAlign__E                         
0000649d  PWMTimerTiva_getPeriodCounts                                         
000064a7  PWM_setDuty                                                          
000064b1  UARTCharGet                                                          
000064bb  UARTCharPut                                                          
000064c5  UARTIntDisable                                                       
000064cf  UARTIntStatus                                                        
000064d9  xdc_runtime_Memory_HeapProxy_alloc__E                                
000064e3  xdc_runtime_Memory_HeapProxy_free__E                                 
000064ed  EK_TM4C1294XL_initGPIO                                               
000064f5  PWMTimerTiva_init                                                    
000064fd  UARTIntEnable                                                        
00006505  UARTRxErrorGet                                                       
00006515  ti_sysbios_family_arm_lm4_Timer_masterDisable__I                     
00006521  ti_sysbios_family_arm_m3_Hwi_doSwiRestore__I                         
00006529  ti_sysbios_family_arm_m3_Hwi_startup__E                              
00006529  ti_sysbios_hal_Hwi_HwiProxy_startup__E                               
00006529  ti_sysbios_hal_Hwi_startup__E                                        
00006539  GPIOPinWrite                                                         
0000653f  PWMTimerTiva_getPeriodMicroSecs                                      
00006545  UARTFIFOLevelSet                                                     
0000654b  UARTRxErrorClear                                                     
00006551  ti_sysbios_family_arm_m3_Hwi_doTaskRestore__I                        
00006559  ti_sysbios_family_arm_m3_Hwi_restoreFxn__E                           
00006559  ti_sysbios_hal_Hwi_HwiProxy_restore__E                               
00006561  ti_sysbios_gates_GateHwi_leave__E                                    
00006569  ti_sysbios_heaps_HeapMem_isBlocking__E                               
00006571  ti_sysbios_knl_Clock_stop__E                                         
00006579  ti_sysbios_knl_Queue_Instance_init__E                                
00006581  ti_sysbios_knl_Swi_startup__E                                        
00006587  xdc_runtime_System_Module_startup__E                                 
00006591  ti_sysbios_gates_GateHwi_query__E                                    
00006591  xdc_runtime_Main_Module_GateProxy_query__E                           
00006591  xdc_runtime_System_Module_GateProxy_query__E                         
00006599  ti_sysbios_BIOS_RtsGateProxy_query__E                                
00006599  ti_sysbios_gates_GateMutex_query__E                                  
00006599  ti_sysbios_heaps_HeapMem_Module_GateProxy_query__E                   
000065a1  ti_sysbios_knl_Task_startup__E                                       
000065a9  ti_sysbios_gates_GateHwi_Instance_init__E                            
000065b1  ti_sysbios_knl_Clock_logTick__E                                      
000065b4  xdc_runtime_Text_charTab__A                                          
00007f18  xdc_runtime_Text_nodeTab__A                                          
000080d0  PWM_config                                                           
00008184  motorLibPWMTivaHWAttrs                                               
000082b4  ti_sysbios_knl_Task_Object__PARAMS__C                                
00008320  ti_sysbios_family_arm_m3_Hwi_Object__PARAMS__C                       
00008350  UARTTiva_fxnTable                                                    
00008378  ti_sysbios_heaps_HeapMem_Module__FXNS__C                             
000083a0  ti_sysbios_gates_GateHwi_Module__FXNS__C                             
000083c4  ti_sysbios_gates_GateMutex_Module__FXNS__C                           
000083e8  ti_sysbios_heaps_HeapMem_Object__PARAMS__C                           
0000840c  ti_sysbios_knl_Clock_Object__PARAMS__C                               
00008430  ti_sysbios_knl_Semaphore_Object__PARAMS__C                           
00008454  PWMTimerTiva_fxnTable                                                
00008470  PWMTimerTiva_MAX_PRESCALAR_VALUE                                     
00008472  PWMTimerTiva_MAX_MATCH_VALUE                                         
00008474  PWMTiva_fxnTable                                                     
00008490  PWMTiva_MAX_PRESCALAR                                                
00008492  PWMTiva_MAX_MATCH_VALUE                                              
00008494  ti_sysbios_family_arm_m3_Hwi_Object__DESC__C                         
000084b4  ti_sysbios_gates_GateHwi_Object__DESC__C                             
000084d4  ti_sysbios_gates_GateMutex_Object__DESC__C                           
000084f4  ti_sysbios_heaps_HeapMem_Object__DESC__C                             
00008514  ti_sysbios_knl_Clock_Object__DESC__C                                 
00008534  ti_sysbios_knl_Queue_Object__DESC__C                                 
00008554  ti_sysbios_knl_Semaphore_Object__DESC__C                             
00008574  ti_sysbios_knl_Task_Object__DESC__C                                  
00008594  xdc_runtime_Startup_sfxnTab__A                                       
000085b4  UART_config                                                          
000085cc  ti_sysbios_gates_GateHwi_Object__PARAMS__C                           
000085e4  ti_sysbios_gates_GateMutex_Object__PARAMS__C                         
000085fc  ti_sysbios_knl_Queue_Object__PARAMS__C                               
00008614  uartTivaHWAttrs                                                      
0000862c  GPIOTiva_config                                                      
00008640  xdc_runtime_Startup_firstFxns__A                                     
00008654  motorLibPWMTimerTivaHWAttrs                                          
00008664  xdc_runtime_Startup_sfxnRts__A                                       
00008674  PWM_defaultParams                                                    
00008688  ti_sysbios_family_arm_m3_Hwi_excHookFuncs__A                         
00008690  ti_sysbios_knl_Idle_funcList__C                                      
00008698  xdc_runtime_Startup_firstFxns__C                                     
000086a0  xdc_runtime_Startup_lastFxns__C                                      
000086a8  ti_catalog_arm_cortexm4_tiva_ce_Boot_A_mustNotUseEnhancedClockMode__C
000086ac  ti_catalog_arm_cortexm4_tiva_ce_Boot_Module__diagsEnabled__C         
000086b0  ti_catalog_arm_cortexm4_tiva_ce_Boot_Module__diagsIncluded__C        
000086b4  ti_catalog_arm_cortexm4_tiva_ce_Boot_Module__diagsMask__C            
000086b8  ti_sysbios_family_arm_lm4_Timer_enableFunc__C                        
000086bc  ti_sysbios_family_arm_lm4_Timer_numTimerDevices__C                   
000086c0  ti_sysbios_family_arm_lm4_Timer_startupNeeded__C                     
000086c4  ti_sysbios_family_arm_m3_Hwi_E_NMI__C                                
000086c8  ti_sysbios_family_arm_m3_Hwi_E_alreadyDefined__C                     
000086cc  ti_sysbios_family_arm_m3_Hwi_E_busFault__C                           
000086d0  ti_sysbios_family_arm_m3_Hwi_E_debugMon__C                           
000086d4  ti_sysbios_family_arm_m3_Hwi_E_hardFault__C                          
000086d8  ti_sysbios_family_arm_m3_Hwi_E_memFault__C                           
000086dc  ti_sysbios_family_arm_m3_Hwi_E_noIsr__C                              
000086e0  ti_sysbios_family_arm_m3_Hwi_E_reserved__C                           
000086e4  ti_sysbios_family_arm_m3_Hwi_E_svCall__C                             
000086e8  ti_sysbios_family_arm_m3_Hwi_E_usageFault__C                         
000086ec  ti_sysbios_family_arm_m3_Hwi_NUM_INTERRUPTS__C                       
000086f0  ti_sysbios_family_arm_m3_Hwi_Object__count__C                        
000086f4  ti_sysbios_family_arm_m3_Hwi_ccr__C                                  
000086f8  ti_sysbios_family_arm_m3_Hwi_excHandlerFunc__C                       
000086fc  ti_sysbios_family_arm_m3_Hwi_excHookFuncs__C                         
00008700  ti_sysbios_family_arm_m3_Hwi_nullIsrFunc__C                          
00008704  ti_sysbios_family_arm_m3_Hwi_priGroup__C                             
00008708  ti_sysbios_family_arm_m3_TaskSupport_stackAlignment__C               
0000870c  ti_sysbios_gates_GateMutex_Instance_State_sem__O                     
00008710  ti_sysbios_heaps_HeapMem_E_memory__C                                 
00008714  ti_sysbios_heaps_HeapMem_Module__gateObj__C                          
00008718  ti_sysbios_heaps_HeapMem_Object__count__C                            
0000871c  ti_sysbios_heaps_HeapMem_reqAlign__C                                 
00008720  ti_sysbios_knl_Clock_Module_State_clockQ__O                          
00008724  ti_sysbios_knl_Semaphore_Instance_State_pendQ__O                     
00008728  ti_sysbios_knl_Swi_Object__count__C                                  
0000872c  ti_sysbios_knl_Task_Module_State_inactiveQ__O                        
00008730  ti_sysbios_knl_Task_Object__count__C                                 
00008734  ti_sysbios_knl_Task_allBlockedFunc__C                                
00008738  ti_sysbios_knl_Task_defaultStackHeap__C                              
0000873c  ti_sysbios_knl_Task_defaultStackSize__C                              
00008740  ti_sysbios_knl_Task_numConstructedTasks__C                           
00008744  xdc_runtime_Assert_E_assertFailed__C                                 
00008748  xdc_runtime_Core_A_initializedParams__C                              
0000874c  xdc_runtime_Core_Module__diagsEnabled__C                             
00008750  xdc_runtime_Core_Module__diagsIncluded__C                            
00008754  xdc_runtime_Core_Module__diagsMask__C                                
00008758  xdc_runtime_Error_E_generic__C                                       
0000875c  xdc_runtime_Error_E_memory__C                                        
00008760  xdc_runtime_Error_Module__diagsEnabled__C                            
00008764  xdc_runtime_Error_Module__diagsIncluded__C                           
00008768  xdc_runtime_Error_Module__diagsMask__C                               
0000876c  xdc_runtime_Error_Module__loggerFxn8__C                              
00008770  xdc_runtime_Error_Module__loggerObj__C                               
00008774  xdc_runtime_Error_policyFxn__C                                       
00008778  xdc_runtime_Error_raiseHook__C                                       
0000877c  xdc_runtime_IGateProvider_Interface__BASE__C                         
00008780  xdc_runtime_IHeap_Interface__BASE__C                                 
00008784  xdc_runtime_IModule_Interface__BASE__C                               
00008788  xdc_runtime_Log_L_error__C                                           
0000878c  xdc_runtime_Memory_defaultHeapInstance__C                            
00008790  xdc_runtime_Startup_execImpl__C                                      
00008794  xdc_runtime_Startup_maxPasses__C                                     
00008798  xdc_runtime_Startup_sfxnRts__C                                       
0000879c  xdc_runtime_Startup_sfxnTab__C                                       
000087a0  xdc_runtime_SysMin_bufSize__C                                        
000087a4  xdc_runtime_SysMin_outputFunc__C                                     
000087a8  xdc_runtime_System_Module__gateObj__C                                
000087ac  xdc_runtime_System_abortFxn__C                                       
000087b0  xdc_runtime_System_exitFxn__C                                        
000087b4  xdc_runtime_System_extendFxn__C                                      
000087b8  xdc_runtime_System_maxAtexitHandlers__C                              
000087bc  xdc_runtime_Text_charTab__C                                          
000087c0  xdc_runtime_Text_nameEmpty__C                                        
000087c4  xdc_runtime_Text_nameStatic__C                                       
000087c8  xdc_runtime_Text_nameUnknown__C                                      
000087cc  xdc_runtime_Text_nodeTab__C                                          
000087d0  xdc_runtime_Text_visitRopeFxn__C                                     
000087d4  ti_catalog_arm_cortexm4_tiva_ce_Boot_Module__id__C                   
000087d6  ti_sysbios_family_arm_m3_Hwi_Module__id__C                           
000087d8  ti_sysbios_heaps_HeapMem_Module__id__C                               
000087da  xdc_runtime_Core_Module__id__C                                       
000087dc  xdc_runtime_Error_Module__loggerDefined__C                           
000087de  xdc_runtime_Error_maxDepth__C                                        
000087e0  xdc_runtime_Main_Module__id__C                                       
000087e2  xdc_runtime_Memory_Module__id__C                                     
000087e4  xdc_runtime_SysMin_flushAtExit__C                                    
000087e6  xdc_runtime_Text_charCnt__C                                          
000087e8  xdc_runtime_Text_isLoaded__C                                         
000087ea  xdc_runtime_Text_registryModsLastId__C                               
000087ec  xdc_runtime_Text_unnamedModsLastId__C                                
000087ee  xdc_runtime_Error_policy__C                                          
000087f0  __TI_static_base__                                                   
000089b0  __TI_Handler_Table_Base                                              
000089bc  __TI_Handler_Table_Limit                                             
000089d0  __TI_CINIT_Base                                                      
000089e8  __TI_CINIT_Limit                                                     
20000000  __start___llvm_prf_cnts                                              
20000000  __stop___llvm_prf_cnts                                               
20000000  ti_sysbios_family_arm_m3_Hwi_ramVectors                              
20000360  task0Stack                                                           
20000760  ti_sysbios_heaps_HeapMem_Instance_State_0_buf__A                     
20000b60  ti_sysbios_family_arm_m3_Hwi_dispatchTable                           
20000ec0  __CIOBUF_                                                            
20000fe0  uartTivaObjects                                                      
2000113c  xdc_runtime_SysMin_Module_State_0_outbuf__A                          
200011bc  task0Struct                                                          
2000120c  motorLibPWMObjects                                                   
20001264  uartTivaRingBuffer                                                   
20001284  motorLibPWMTimerObjects                                              
2000129c  parmbuf                                                              
200012a8  ti_sysbios_knl_Swi_Module_State_0_readyQ__A                          
20001328  ti_sysbios_knl_Task_Module_State_0_readyQ__A                         
200013a8  ti_sysbios_knl_Task_Module__state__V                                 
200013ec  ti_sysbios_family_arm_lm4_Timer_Module_State_0_device__A             
2000142c  ti_sysbios_family_arm_lm4_Timer_Object__table__V                     
2000146c  ti_sysbios_gates_GateMutex_Object__table__V                          
200014a4  ti_sysbios_family_arm_m3_Hwi_Module__state__V                        
200014d8  ti_sysbios_knl_Swi_Object__table__V                                  
20001508  ti_sysbios_knl_Clock_Module__state__V                                
20001534  ti_sysbios_BIOS_Module__state__V                                     
20001558  ti_sysbios_family_arm_lm4_Timer_Module_State_0_handles__A            
20001578  ti_sysbios_knl_Swi_Module__state__V                                  
200015ac  ti_sysbios_family_arm_m3_Hwi_Object__table__V                        
200015c4  ti_sysbios_heaps_HeapMem_Object__table__V                            
200015dc  gpioPinConfigs                                                       
200015ec  ti_sysbios_family_arm_lm4_Timer_Module__state__V                     
200015f8  xdc_runtime_SysMin_Module__state__V                                  
20001604  _lock                                                                
20001608  _unlock                                                              
2000160c  gpioCallbackFunctions                                                
20001614  ti_sysbios_family_arm_m3_Hwi_Module__root__V                         
2000161c  ti_sysbios_gates_GateHwi_Module__root__V                             
20001624  ti_sysbios_gates_GateMutex_Module__root__V                           
2000162c  ti_sysbios_heaps_HeapMem_Module__root__V                             
20001634  ti_sysbios_knl_Clock_Module__root__V                                 
2000163c  ti_sysbios_knl_Queue_Module__root__V                                 
20001644  ti_sysbios_knl_Semaphore_Module__root__V                             
2000164c  ti_sysbios_knl_Task_Module__root__V                                  
20001654  xdc_runtime_Registry_Module__state__V                                
2000165c  xdc_runtime_Startup_Module__state__V                                 
20001664  xdc_runtime_System_Module_State_0_atexitHandlers__A                  
2000166c  xdc_runtime_System_Module__state__V                                  
2000167a  ti_sysbios_family_arm_m3_Hwi_Module_State_0_excActive__A             
20001684  main_func_sp                                                         
20001688  ti_sysbios_family_arm_m3_Hwi_Module_State_0_excContext__A            
2000168c  ti_sysbios_family_arm_m3_Hwi_Module_State_0_excStack__A              
20001690  ti_sysbios_gates_GateHwi_Object__table__V                            
20001694  ti_sysbios_knl_Task_Module_State_0_idleTask__A                       
20001698  xdc_runtime_Memory_Module__state__V                                  
2000169c  xdc_runtime_Error_Module__state__V                                   
200016a0  __stack                                                              
200019a0  __STACK_END                                                          
e000e000  ti_sysbios_family_arm_m3_Hwi_nvic                                    
ffffffff  __TI_pprof_out_hndl                                                  
ffffffff  __TI_prof_data_size                                                  
ffffffff  __TI_prof_data_start                                                 
ffffffff  __binit__                                                            
ffffffff  __c_args__                                                           
ffffffff  binit                                                                
UNDEFED   SHT$$INIT_ARRAY$$Base                                                
UNDEFED   SHT$$INIT_ARRAY$$Limit                                               

[619 symbols]
